Component: ARM Compiler 5.05 update 1 (build 106) Tool: armlink [4d0efa]

==============================================================================

Section Cross References

    startup_stm32f103xe.o(RESET) refers to startup_stm32f103xe.o(STACK) for __initial_sp
    startup_stm32f103xe.o(RESET) refers to startup_stm32f103xe.o(.text) for Reset_Handler
    startup_stm32f103xe.o(RESET) refers to stm32f1xx_it.o(i.NMI_Handler) for NMI_Handler
    startup_stm32f103xe.o(RESET) refers to stm32f1xx_it.o(i.HardFault_Handler) for HardFault_Handler
    startup_stm32f103xe.o(RESET) refers to stm32f1xx_it.o(i.MemManage_Handler) for MemManage_Handler
    startup_stm32f103xe.o(RESET) refers to stm32f1xx_it.o(i.BusFault_Handler) for BusFault_Handler
    startup_stm32f103xe.o(RESET) refers to stm32f1xx_it.o(i.UsageFault_Handler) for UsageFault_Handler
    startup_stm32f103xe.o(RESET) refers to stm32f1xx_it.o(i.SVC_Handler) for SVC_Handler
    startup_stm32f103xe.o(RESET) refers to stm32f1xx_it.o(i.DebugMon_Handler) for DebugMon_Handler
    startup_stm32f103xe.o(RESET) refers to stm32f1xx_it.o(i.PendSV_Handler) for PendSV_Handler
    startup_stm32f103xe.o(RESET) refers to stm32f1xx_it.o(i.SysTick_Handler) for SysTick_Handler
    startup_stm32f103xe.o(RESET) refers to stm32f1xx_it.o(i.DMA1_Channel6_IRQHandler) for DMA1_Channel6_IRQHandler
    startup_stm32f103xe.o(RESET) refers to stm32f1xx_it.o(i.DMA1_Channel7_IRQHandler) for DMA1_Channel7_IRQHandler
    startup_stm32f103xe.o(RESET) refers to stm32f1xx_it.o(i.TIM2_IRQHandler) for TIM2_IRQHandler
    startup_stm32f103xe.o(RESET) refers to stm32f1xx_it.o(i.TIM3_IRQHandler) for TIM3_IRQHandler
    startup_stm32f103xe.o(RESET) refers to stm32f1xx_it.o(i.TIM4_IRQHandler) for TIM4_IRQHandler
    startup_stm32f103xe.o(RESET) refers to stm32f1xx_it.o(i.I2C1_EV_IRQHandler) for I2C1_EV_IRQHandler
    startup_stm32f103xe.o(RESET) refers to stm32f1xx_it.o(i.I2C1_ER_IRQHandler) for I2C1_ER_IRQHandler
    startup_stm32f103xe.o(RESET) refers to stm32f1xx_it.o(i.USART2_IRQHandler) for USART2_IRQHandler
    startup_stm32f103xe.o(RESET) refers to stm32f1xx_it.o(i.TIM5_IRQHandler) for TIM5_IRQHandler
    startup_stm32f103xe.o(RESET) refers to stm32f1xx_it.o(i.UART4_IRQHandler) for UART4_IRQHandler
    startup_stm32f103xe.o(RESET) refers to stm32f1xx_it.o(i.DMA2_Channel3_IRQHandler) for DMA2_Channel3_IRQHandler
    startup_stm32f103xe.o(RESET) refers to stm32f1xx_it.o(i.DMA2_Channel4_5_IRQHandler) for DMA2_Channel4_5_IRQHandler
    startup_stm32f103xe.o(.text) refers to system_stm32f1xx.o(i.SystemInit) for SystemInit
    startup_stm32f103xe.o(.text) refers to entry.o(.ARM.Collect$$$$00000000) for __main
    main.o(i.Init) refers to stm32f1xx_hal.o(i.HAL_Init) for HAL_Init
    main.o(i.Init) refers to main.o(i.SystemClock_Config) for SystemClock_Config
    main.o(i.Init) refers to tim8.o(i.MX_TIM8_Init) for MX_TIM8_Init
    main.o(i.Init) refers to motorcontrol.o(i.Motor1_GPIO_Init) for Motor1_GPIO_Init
    main.o(i.Init) refers to motorcontrol.o(i.Motor2_GPIO_Init) for Motor2_GPIO_Init
    main.o(i.Init) refers to motorcontrol.o(i.Motor3_GPIO_Init) for Motor3_GPIO_Init
    main.o(i.Init) refers to motorcontrol.o(i.Motor4_GPIO_Init) for Motor4_GPIO_Init
    main.o(i.Init) refers to adc1.o(i.MX_ADC1_Init) for MX_ADC1_Init
    main.o(i.Init) refers to lowpassfilter.o(i.LPF_Struct_Init) for LPF_Struct_Init
    main.o(i.Init) refers to uart.o(i.MX_USART2_Init) for MX_USART2_Init
    main.o(i.Init) refers to uart.o(i.MX_UART4_Init) for MX_UART4_Init
    main.o(i.Init) refers to ringbuff.o(i.RingBuff_Init) for RingBuff_Init
    main.o(i.Init) refers to dataprotocol.o(i.ParseData_Init) for ParseData_Init
    main.o(i.Init) refers to tim2.o(i.MX_TIM2_Init) for MX_TIM2_Init
    main.o(i.Init) refers to tim3.o(i.MX_TIM3_Init) for MX_TIM3_Init
    main.o(i.Init) refers to tim4.o(i.MX_TIM4_Init) for MX_TIM4_Init
    main.o(i.Init) refers to tim5.o(i.MX_TIM5_Init) for MX_TIM5_Init
    main.o(i.Init) refers to encoder.o(i.Encoder_Struct_Init) for Encoder_Struct_Init
    main.o(i.Init) refers to pid.o(i.IncPID_Init) for IncPID_Init
    main.o(i.Init) refers to indicatordevice.o(i.Buzzer_GPIO_Init) for Buzzer_GPIO_Init
    main.o(i.Init) refers to indicatordevice.o(i.LED_Green_GPIO_Init) for LED_Green_GPIO_Init
    main.o(i.Init) refers to indicatordevice.o(i.LED_Red_GPIO_Init) for LED_Red_GPIO_Init
    main.o(i.Init) refers to stm32f1xx_hal.o(i.HAL_Delay) for HAL_Delay
    main.o(i.Init) refers to i2c.o(i.MX_I2C1_Init) for MX_I2C1_Init
    main.o(i.Init) refers to mpu6050.o(i.MPU6050_Init) for MPU6050_Init
    main.o(i.Init) refers to indicatordevice.o(i.BuzzerControl) for BuzzerControl
    main.o(i.Init) refers to indicatordevice.o(i.LED_Green_Control) for LED_Green_Control
    main.o(i.Init) refers to indicatordevice.o(i.LED_Red_Control) for LED_Red_Control
    main.o(i.Init) refers to shareware.o(.bss) for LPF_SupplyVoltage
    main.o(i.Init) refers to shareware.o(.bss) for LPF_Linear_X
[...]
    i.HAL_TIM_Encoder_Init                   0x080029ee   Section        0  stm32f1xx_hal_tim.o(i.HAL_TIM_Encoder_Init)
    i.HAL_TIM_Encoder_MspInit                0x08002a84   Section        0  stm32f1xx_hal_msp.o(i.HAL_TIM_Encoder_MspInit)
    i.HAL_TIM_Encoder_Start                  0x08002c18   Section        0  stm32f1xx_hal_tim.o(i.HAL_TIM_Encoder_Start)
    i.HAL_TIM_IC_CaptureCallback             0x08002c4a   Section        0  stm32f1xx_hal_tim.o(i.HAL_TIM_IC_CaptureCallback)
    i.HAL_TIM_IRQHandler                     0x08002c4c   Section        0  stm32f1xx_hal_tim.o(i.HAL_TIM_IRQHandler)
    i.HAL_TIM_OC_DelayElapsedCallback        0x08002db2   Section        0  stm32f1xx_hal_tim.o(i.HAL_TIM_OC_DelayElapsedCallback)
    i.HAL_TIM_PWM_ConfigChannel              0x08002db4   Section        0  stm32f1xx_hal_tim.o(i.HAL_TIM_PWM_ConfigChannel)
    i.HAL_TIM_PWM_Init                       0x08002e84   Section        0  stm32f1xx_hal_tim.o(i.HAL_TIM_PWM_Init)
    i.HAL_TIM_PWM_MspInit                    0x08002ebc   Section        0  stm32f1xx_hal_msp.o(i.HAL_TIM_PWM_MspInit)
    i.HAL_TIM_PWM_PulseFinishedCallback      0x08002f10   Section        0  stm32f1xx_hal_tim.o(i.HAL_TIM_PWM_PulseFinishedCallback)
    i.HAL_TIM_PWM_Start                      0x08002f14   Section        0  stm32f1xx_hal_tim.o(i.HAL_TIM_PWM_Start)
    i.HAL_TIM_PeriodElapsedCallback          0x08002f4c   Section        0  encoder.o(i.HAL_TIM_PeriodElapsedCallback)
    i.HAL_TIM_TriggerCallback                0x08002fdc   Section        0  stm32f1xx_hal_tim.o(i.HAL_TIM_TriggerCallback)
    i.HAL_UART_DMAStop                       0x08002fde   Section        0  stm32f1xx_hal_uart.o(i.HAL_UART_DMAStop)
    i.HAL_UART_ErrorCallback                 0x08003036   Section        0  uart.o(i.HAL_UART_ErrorCallback)
    i.HAL_UART_IRQHandler                    0x08003084   Section        0  stm32f1xx_hal_uart.o(i.HAL_UART_IRQHandler)
    i.HAL_UART_Init                          0x08003194   Section        0  stm32f1xx_hal_uart.o(i.HAL_UART_Init)
    i.HAL_UART_MspInit                       0x080031f8   Section        0  stm32f1xx_hal_msp.o(i.HAL_UART_MspInit)
    i.HAL_UART_Receive_DMA                   0x080033e4   Section        0  stm32f1xx_hal_uart.o(i.HAL_UART_Receive_DMA)
    i.HAL_UART_RxCpltCallback                0x0800347c   Section        0  uart.o(i.HAL_UART_RxCpltCallback)
    i.HAL_UART_RxHalfCpltCallback            0x0800347e   Section        0  stm32f1xx_hal_uart.o(i.HAL_UART_RxHalfCpltCallback)
    i.HAL_UART_TxCpltCallback                0x08003480   Section        0  uart.o(i.HAL_UART_TxCpltCallback)
    i.HardFault_Handler                      0x08003482   Section        0  stm32f1xx_it.o(i.HardFault_Handler)
    i.I2C1_ER_IRQHandler                     0x08003484   Section        0  stm32f1xx_it.o(i.I2C1_ER_IRQHandler)
    i.I2C1_EV_IRQHandler                     0x08003490   Section        0  stm32f1xx_it.o(i.I2C1_EV_IRQHandler)
    i.I2C_DMAAbort                           0x0800349c   Section        0  stm32f1xx_hal_i2c.o(i.I2C_DMAAbort)
    I2C_DMAAbort                             0x0800349d   Thumb Code    78  stm32f1xx_hal_i2c.o(i.I2C_DMAAbort)
    i.I2C_ITError                            0x080034ec   Section        0  stm32f1xx_hal_i2c.o(i.I2C_ITError)
    I2C_ITError                              0x080034ed   Thumb Code   284  stm32f1xx_hal_i2c.o(i.I2C_ITError)
    i.I2C_MasterReceive_BTF                  0x08003610   Section        0  stm32f1xx_hal_i2c.o(i.I2C_MasterReceive_BTF)
    I2C_MasterReceive_BTF                    0x08003611   Thumb Code   194  stm32f1xx_hal_i2c.o(i.I2C_MasterReceive_BTF)
    i.I2C_MasterReceive_RXNE                 0x080036d8   Section        0  stm32f1xx_hal_i2c.o(i.I2C_MasterReceive_RXNE)
    I2C_MasterReceive_RXNE                   0x080036d9   Thumb Code   174  stm32f1xx_hal_i2c.o(i.I2C_MasterReceive_RXNE)
    i.I2C_MasterTransmit_BTF                 0x08003786   Section        0  stm32f1xx_hal_i2c.o(i.I2C_MasterTransmit_BTF)
    I2C_MasterTransmit_BTF                   0x08003787   Thumb Code   128  stm32f1xx_hal_i2c.o(i.I2C_MasterTransmit_BTF)
    i.I2C_MasterTransmit_TXE                 0x08003806   Section        0  stm32f1xx_hal_i2c.o(i.I2C_MasterTransmit_TXE)
    I2C_MasterTransmit_TXE                   0x08003807   Thumb Code   262  stm32f1xx_hal_i2c.o(i.I2C_MasterTransmit_TXE)
    i.I2C_Master_ADDR                        0x0800390c   Section        0  stm32f1xx_hal_i2c.o(i.I2C_Master_ADDR)
    I2C_Master_ADDR                          0x0800390d   Thumb Code   282  stm32f1xx_hal_i2c.o(i.I2C_Master_ADDR)
    i.I2C_Master_SB                          0x08003a26   Section        0  stm32f1xx_hal_i2c.o(i.I2C_Master_SB)
    I2C_Master_SB                            0x08003a27   Thumb Code    90  stm32f1xx_hal_i2c.o(i.I2C_Master_SB)
    i.I2C_Slave_AF                           0x08003a80   Section        0  stm32f1xx_hal_i2c.o(i.I2C_Slave_AF)
    I2C_Slave_AF                             0x08003a81   Thumb Code   128  stm32f1xx_hal_i2c.o(i.I2C_Slave_AF)
    i.I2C_Slave_STOPF                        0x08003b04   Section        0  stm32f1xx_hal_i2c.o(i.I2C_Slave_STOPF)
    I2C_Slave_STOPF                          0x08003b05   Thumb Code   214  stm32f1xx_hal_i2c.o(i.I2C_Slave_STOPF)
    i.IncPID_Init                            0x08003be0   Section        0  pid.o(i.IncPID_Init)
    i.Incremental_PID                        0x08003bf0   Section        0  pid.o(i.Incremental_PID)
    i.IndicatorDeviceControl                 0x08003c48   Section        0  indicatordevice.o(i.IndicatorDeviceControl)
    i.Init                                   0x08003cf0   Section        0  main.o(i.Init)
    i.Kinematics_Mecanum_CalculateRPM        0x08003e3c   Section        0  kinematics_mecanum.o(i.Kinematics_Mecanum_CalculateRPM)
    i.Kinematics_Mecanum_GetVelocities       0x08003ed0   Section        0  kinematics_mecanum.o(i.Kinematics_Mecanum_GetVelocities)
    i.LED_Green_Control                      0x08003f6c   Section        0  indicatordevice.o(i.LED_Green_Control)
    i.LED_Green_GPIO_Init                    0x08003fe8   Section        0  indicatordevice.o(i.LED_Green_GPIO_Init)
    i.LED_Red_Control                        0x0800402c   Section        0  indicatordevice.o(i.LED_Red_Control)
    i.LED_Red_GPIO_Init                      0x080040a8   Section        0  indicatordevice.o(i.LED_Red_GPIO_Init)
    i.LPF_Struct_Init                        0x080040ec   Section        0  lowpassfilter.o(i.LPF_Struct_Init)
    i.LowPassFilter                          0x080040f6   Section        0  lowpassfilter.o(i.LowPassFilter)
    i.MPU6050_Init                           0x08004120   Section        0  mpu6050.o(i.MPU6050_Init)
    i.MPU6050_Update                         0x080041d8   Section        0  mpu6050.o(i.MPU6050_Update)
    i.MPU6050_UpdateAccel                    0x08004264   Section        0  mpu6050.o(i.MPU6050_UpdateAccel)
    i.MPU6050_UpdateGyro                     0x080042a0   Section        0  mpu6050.o(i.MPU6050_UpdateGyro)
    i.MX_ADC1_Init                           0x080042dc   Section        0  adc1.o(i.MX_ADC1_Init)
    i.MX_I2C1_Init                           0x08004340   Section        0  i2c.o(i.MX_I2C1_Init)
    i.MX_TIM2_Init                           0x08004388   Section        0  tim2.o(i.MX_TIM2_Init)
    i.MX_TIM3_Init                           0x080043fc   Section        0  tim3.o(i.MX_TIM3_Init)
    i.MX_TIM4_Init                           0x0800445c   Section        0  tim4.o(i.MX_TIM4_Init)
    i.MX_TIM5_Init                           0x080044bc   Section        0  tim5.o(i.MX_TIM5_Init)
    i.MX_TIM8_Init                           0x0800451c   Section        0  tim8.o(i.MX_TIM8_Init)
    i.MX_UART4_Init                          0x080045cc   Section        0  uart.o(i.MX_UART4_Init)
    i.MX_USART2_Init                         0x0800461c   Section        0  uart.o(i.MX_USART2_Init)
    i.MemManage_Handler                      0x08004660   Section        0  stm32f1xx_it.o(i.MemManage_Handler)
    i.Motor1_Forward                         0x08004664   Section        0  motorcontrol.o(i.Motor1_Forward)
    i.Motor1_GPIO_Init                       0x08004674   Section        0  motorcontrol.o(i.Motor1_GPIO_Init)
    i.Motor1_Reverse                         0x080046b8   Section        0  motorcontrol.o(i.Motor1_Reverse)
    i.Motor2_Forward                         0x080046c8   Section        0  motorcontrol.o(i.Motor2_Forward)
    i.Motor2_GPIO_Init                       0x080046d8   Section        0  motorcontrol.o(i.Motor2_GPIO_Init)
    i.Motor2_Reverse                         0x0800471c   Section        0  motorcontrol.o(i.Motor2_Reverse)
    i.Motor3_Forward                         0x0800472c   Section        0  motorcontrol.o(i.Motor3_Forward)
    i.Motor3_GPIO_Init                       0x0800473c   Section        0  motorcontrol.o(i.Motor3_GPIO_Init)
    i.Motor3_Reverse                         0x08004780   Section        0  motorcontrol.o(i.Motor3_Reverse)
    i.Motor4_Forward                         0x08004790   Section        0  motorcontrol.o(i.Motor4_Forward)
    i.Motor4_GPIO_Init                       0x080047a0   Section        0  motorcontrol.o(i.Motor4_GPIO_Init)
    i.Motor4_Reverse                         0x080047e4   Section        0  motorcontrol.o(i.Motor4_Reverse)
    i.NMI_Handler                            0x080047f4   Section        0  stm32f1xx_it.o(i.NMI_Handler)
    i.NVIC_SetPriority                       0x080047f6   Section        0  stm32f1xx_hal_cortex.o(i.NVIC_SetPriority)
    NVIC_SetPriority                         0x080047f7   Thumb Code    32  stm32f1xx_hal_cortex.o(i.NVIC_SetPriority)
    i.ParseData_Init                         0x08004816   Section        0  dataprotocol.o(i.ParseData_Init)
    i.PendSV_Handler                         0x08004830   Section        0  stm32f1xx_it.o(i.PendSV_Handler)
    i.RC_Update                              0x08004834   Section        0  rc.o(i.RC_Update)
    i.RC_UpdateStruct                        0x08004904   Section        0  rc.o(i.RC_UpdateStruct)
    i.RingBuff_Init                          0x08004aa8   Section        0  ringbuff.o(i.RingBuff_Init)
    i.RingBuff_Write                         0x08004acc   Section        0  ringbuff.o(i.RingBuff_Write)
    i.SVC_Handler                            0x08004b22   Section        0  stm32f1xx_it.o(i.SVC_Handler)
    i.SysTick_Handler                        0x08004b24   Section        0  stm32f1xx_it.o(i.SysTick_Handler)
    i.SystemClock_Config                     0x08004b32   Section        0  main.o(i.SystemClock_Config)
    i.SystemInit                             0x08004bac   Section        0  system_stm32f1xx.o(i.SystemInit)
    i.TIM2_IRQHandler                        0x08004bf4   Section        0  stm32f1xx_it.o(i.TIM2_IRQHandler)
    i.TIM3_IRQHandler                        0x08004c00   Section        0  stm32f1xx_it.o(i.TIM3_IRQHandler)
    i.TIM4_IRQHandler                        0x08004c0c   Section        0  stm32f1xx_it.o(i.TIM4_IRQHandler)
    i.TIM5_IRQHandler                        0x08004c18   Section        0  stm32f1xx_it.o(i.TIM5_IRQHandler)
    i.TIM_Base_SetConfig                     0x08004c24   Section        0  stm32f1xx_hal_tim.o(i.TIM_Base_SetConfig)
    i.TIM_CCxChannelCmd                      0x08004cb0   Section        0  stm32f1xx_hal_tim.o(i.TIM_CCxChannelCmd)
    i.TIM_OC1_SetConfig                      0x08004cc8   Section        0  stm32f1xx_hal_tim.o(i.TIM_OC1_SetConfig)
    TIM_OC1_SetConfig                        0x08004cc9   Thumb Code    88  stm32f1xx_hal_tim.o(i.TIM_OC1_SetConfig)
    i.TIM_OC2_SetConfig                      0x08004d28   Section        0  stm32f1xx_hal_tim.o(i.TIM_OC2_SetConfig)
    i.TIM_OC3_SetConfig                      0x08004d94   Section        0  stm32f1xx_hal_tim.o(i.TIM_OC3_SetConfig)
    TIM_OC3_SetConfig                        0x08004d95   Thumb Code    96  stm32f1xx_hal_tim.o(i.TIM_OC3_SetConfig)
    i.TIM_OC4_SetConfig                      0x08004dfc   Section        0  stm32f1xx_hal_tim.o(i.TIM_OC4_SetConfig)
    TIM_OC4_SetConfig                        0x08004dfd   Thumb Code    70  stm32f1xx_hal_tim.o(i.TIM_OC4_SetConfig)
    i.UART4_IRQHandler                       0x08004e4c   Section        0  stm32f1xx_it.o(i.UART4_IRQHandler)
    i.UART_DMAAbortOnError                   0x08004e6c   Section        0  stm32f1xx_hal_uart.o(i.UART_DMAAbortOnError)
    UART_DMAAbortOnError                     0x08004e6d   Thumb Code    16  stm32f1xx_hal_uart.o(i.UART_DMAAbortOnError)
    i.UART_DMAError                          0x08004e7c   Section        0  stm32f1xx_hal_uart.o(i.UART_DMAError)
    UART_DMAError                            0x08004e7d   Thumb Code    74  stm32f1xx_hal_uart.o(i.UART_DMAError)
    i.UART_DMAReceiveCplt                    0x08004ec6   Section        0  stm32f1xx_hal_uart.o(i.UART_DMAReceiveCplt)
    UART_DMAReceiveCplt                      0x08004ec7   Thumb Code    60  stm32f1xx_hal_uart.o(i.UART_DMAReceiveCplt)
    i.UART_DMARxHalfCplt                     0x08004f02   Section        0  stm32f1xx_hal_uart.o(i.UART_DMARxHalfCplt)
    UART_DMARxHalfCplt                       0x08004f03   Thumb Code    10  stm32f1xx_hal_uart.o(i.UART_DMARxHalfCplt)
    i.UART_EndRxTransfer                     0x08004f0c   Section        0  stm32f1xx_hal_uart.o(i.UART_EndRxTransfer)
    UART_EndRxTransfer                       0x08004f0d   Thumb Code    28  stm32f1xx_hal_uart.o(i.UART_EndRxTransfer)
    i.UART_EndTxTransfer                     0x08004f28   Section        0  stm32f1xx_hal_uart.o(i.UART_EndTxTransfer)
    UART_EndTxTransfer                       0x08004f29   Thumb Code    18  stm32f1xx_hal_uart.o(i.UART_EndTxTransfer)
    i.UART_Receive_IT                        0x08004f3a   Section        0  stm32f1xx_hal_uart.o(i.UART_Receive_IT)
    UART_Receive_IT                          0x08004f3b   Thumb Code   150  stm32f1xx_hal_uart.o(i.UART_Receive_IT)
    i.UART_SetConfig                         0x08004fd0   Section        0  stm32f1xx_hal_uart.o(i.UART_SetConfig)
    UART_SetConfig                           0x08004fd1   Thumb Code   364  stm32f1xx_hal_uart.o(i.UART_SetConfig)
    i.UART_Transmit_IT                       0x08005140   Section        0  stm32f1xx_hal_uart.o(i.UART_Transmit_IT)
    UART_Transmit_IT                         0x08005141   Thumb Code    98  stm32f1xx_hal_uart.o(i.UART_Transmit_IT)
    i.USART2_IRQHandler                      0x080051a4   Section        0  stm32f1xx_it.o(i.USART2_IRQHandler)
    i.UpdateBatteryInfor                     0x080051c4   Section        0  batteryinfor.o(i.UpdateBatteryInfor)
    i.UsageFault_Handler                     0x08005218   Section        0  stm32f1xx_it.o(i.UsageFault_Handler)
    i.UsartReceive_IDLE                      0x0800521c   Section        0  uart.o(i.UsartReceive_IDLE)
    i.VelocityControl_4WD                    0x080052ac   Section        0  velocitycontrol.o(i.VelocityControl_4WD)
    i.__scatterload_copy                     0x08005600   Section       14  handlers.o(i.__scatterload_copy)
    i.__scatterload_null                     0x0800560e   Section        2  handlers.o(i.__scatterload_null)
    i.__scatterload_zeroinit                 0x08005610   Section       14  handlers.o(i.__scatterload_zeroinit)
    i.main                                   0x08005620   Section        0  main.o(i.main)
    i.malloc                                 0x080057e0   Section        0  malloc.o(i.malloc)
    .constdata                               0x0800584c   Section       16  system_stm32f1xx.o(.constdata)
    .constdata                               0x0800585c   Section        8  system_stm32f1xx.o(.constdata)
    .data                                    0x20000000   Section       40  main.o(.data)
    .data                                    0x20000028   Section        2  main.o(.data)
    .data                                    0x2000002c   Section        4  main.o(.data)
    .data                                    0x20000030   Section        4  main.o(.data)
    .data                                    0x20000034   Section        4  main.o(.data)
    .data                                    0x20000038   Section        4  main.o(.data)
    .data                                    0x2000003c   Section        4  main.o(.data)
    .data                                    0x20000040   Section        8  adc1.o(.data)
    .data                                    0x20000048   Section        2  i2c.o(.data)
    .data                                    0x2000004a   Section       34  indicatordevice.o(.data)
    LastTimes                                0x2000005a   Data           2  indicatordevice.o(.data)
    LastPeriodTime                           0x2000005c   Data           2  indicatordevice.o(.data)
    LastTimes                                0x2000005e   Data           2  indicatordevice.o(.data)
    LastPeriodTime                           0x20000060   Data           2  indicatordevice.o(.data)
    LastTimes                                0x20000062   Data           2  indicatordevice.o(.data)
    LastPeriodTime                           0x20000064   Data           2  indicatordevice.o(.data)
    .data                                    0x2000006c   Section       10  encoder.o(.data)
    .data                                    0x20000078   Section        4  batteryinfor.o(.data)
    VREFINT                                  0x20000078   Data           4  batteryinfor.o(.data)
    .data                                    0x2000007c   Section       16  velocitycontrol.o(.data)
    PWM_M1                                   0x2000007c   Data           4  velocitycontrol.o(.data)
    PWM_M2                                   0x20000080   Data           4  velocitycontrol.o(.data)
    PWM_M3                                   0x20000084   Data           4  velocitycontrol.o(.data)
    PWM_M4                                   0x20000088   Data           4  velocitycontrol.o(.data)
    .data                                    0x2000008c   Section       12  stm32f1xx_hal.o(.data)
    .data                                    0x20000098   Section        4  system_stm32f1xx.o(.data)
    .data                                    0x2000009c   Section       14  rc.o(.data)
    DisconnectCount                          0x2000009c   Data           1  rc.o(.data)
    CH1                                      0x2000009e   Data           2  rc.o(.data)
    CH2                                      0x200000a0   Data           2  rc.o(.data)
    CH3                                      0x200000a2   Data           2  rc.o(.data)
    CH4                                      0x200000a4   Data           2  rc.o(.data)
    CH5                                      0x200000a6   Data           2  rc.o(.data)
    CH6                                      0x200000a8   Data           2  rc.o(.data)
    .data                                    0x200000ac   Section        4  mvars.o(.data)
    .data                                    0x200000b0   Section        4  mvars.o(.data)
    .bss                                     0x200000b4   Section       12  shareware.o(.bss)
    .bss                                     0x200000c0   Section       12  shareware.o(.bss)
    .bss                                     0x200000cc   Section       12  shareware.o(.bss)
    .bss                                     0x200000d8   Section       12  shareware.o(.bss)
    .bss                                     0x200000e4   Section       12  shareware.o(.bss)
    .bss                                     0x200000f0   Section       12  shareware.o(.bss)
    .bss                                     0x200000fc   Section       40  shareware.o(.bss)
    .bss                                     0x20000124   Section       24  shareware.o(.bss)
    .bss                                     0x2000013c   Section       24  shareware.o(.bss)
    .bss                                     0x20000154   Section       24  shareware.o(.bss)
    .bss                                     0x2000016c   Section       24  shareware.o(.bss)
    .bss                                     0x20000184   Section       12  shareware.o(.bss)
    .bss                                     0x20000190   Section       12  shareware.o(.bss)
    .bss                                     0x2000019c   Section       12  shareware.o(.bss)
    .bss                                     0x200001a8   Section       12  shareware.o(.bss)
    .bss                                     0x200001b4   Section       32  shareware.o(.bss)
    .bss                                     0x200001d4   Section       28  shareware.o(.bss)
    .bss                                     0x200001f0   Section       28  shareware.o(.bss)
    .bss                                     0x2000020c   Section       24  shareware.o(.bss)
    .bss                                     0x20000224   Section       12  shareware.o(.bss)
    .bss                                     0x20000230   Section       80  shareware.o(.bss)
    .bss                                     0x20000280   Section       64  tim8.o(.bss)
    .bss                                     0x200002c0   Section      456  uart.o(.bss)
    .bss                                     0x20000488   Section       68  uart.o(.bss)
    .bss                                     0x200004cc   Section       68  uart.o(.bss)
    .bss                                     0x20000510   Section       64  tim4.o(.bss)
    .bss                                     0x20000550   Section       64  tim2.o(.bss)
    .bss                                     0x20000590   Section       64  tim3.o(.bss)
    .bss                                     0x200005d0   Section       64  tim5.o(.bss)
    .bss                                     0x20000610   Section       48  adc1.o(.bss)
    .bss                                     0x20000640   Section       68  adc1.o(.bss)
    .bss                                     0x20000684   Section       84  i2c.o(.bss)
    HEAP                                     0x200006d8   Section    10000  startup_stm32f103xe.o(HEAP)
    STACK                                    0x20002de8   Section     1024  startup_stm32f103xe.o(STACK)

    Global Symbols

    Symbol Name                              Value     Ov Type        Size  Object(Section)

    BuildAttributes$$THM_ISAv4$P$D$K$B$S$PE$A:L22UL41UL21$X:L11$S22US41US21$IEEE1$IW$USESV6$~STKCKD$USESV7$~SHL$OTIME$ROPI$EBA8$MICROLIB$REQ8$PRES8$EABIv2 0x00000000   Number         0  anon$$obj.o ABSOLUTE
    __ARM_use_no_argv                        0x00000000   Number         0  main.o ABSOLUTE
    __cpp_initialize__aeabi_                  - Undefined Weak Reference
    __cxa_finalize                            - Undefined Weak Reference
    __decompress                              - Undefined Weak Reference
    _clock_init                               - Undefined Weak Reference
    _microlib_exit                            - Undefined Weak Reference
    __Vectors_Size                           0x00000130   Number         0  startup_stm32f103xe.o ABSOLUTE
    __Vectors                                0x08000000   Data           4  startup_stm32f103xe.o(RESET)
    __Vectors_End                            0x08000130   Data           0  startup_stm32f103xe.o(RESET)
    __main                                   0x08000131   Thumb Code     0  entry.o(.ARM.Collect$$$$00000000)
    _main_stk                                0x08000131   Thumb Code     0  entry2.o(.ARM.Collect$$$$00000001)
    _main_scatterload                        0x08000135   Thumb Code     0  entry5.o(.ARM.Collect$$$$00000004)
    __main_after_scatterload                 0x08000139   Thumb Code     0  entry5.o(.ARM.Collect$$$$00000004)
    _main_clock                              0x08000139   Thumb Code     0  entry7b.o(.ARM.Collect$$$$00000008)
    _main_cpp_init                           0x08000139   Thumb Code     0  entry8b.o(.ARM.Collect$$$$0000000A)
    _main_init                               0x08000139   Thumb Code     0  entry9a.o(.ARM.Collect$$$$0000000B)
    __rt_final_cpp                           0x08000141   Thumb Code     0  entry10a.o(.ARM.Collect$$$$0000000D)
    __rt_final_exit                          0x08000141   Thumb Code     0  entry11a.o(.ARM.Collect$$$$0000000F)
    Reset_Handler                            0x08000145   Thumb Code     8  startup_stm32f103xe.o(.text)
    ADC1_2_IRQHandler                        0x0800015f   Thumb Code     0  startup_stm32f103xe.o(.text)
    ADC3_IRQHandler                          0x0800015f   Thumb Code     0  startup_stm32f103xe.o(.text)
    CAN1_RX1_IRQHandler                      0x0800015f   Thumb Code     0  startup_stm32f103xe.o(.text)
    CAN1_SCE_IRQHandler                      0x0800015f   Thumb Code     0  startup_stm32f103xe.o(.text)
    DMA1_Channel1_IRQHandler                 0x0800015f   Thumb Code     0  startup_stm32f103xe.o(.text)
    DMA1_Channel2_IRQHandler                 0x0800015f   Thumb Code     0  startup_stm32f103xe.o(.text)
    DMA1_Channel3_IRQHandler                 0x0800015f   Thumb Code     0  startup_stm32f103xe.o(.text)
    DMA1_Channel4_IRQHandler                 0x0800015f   Thumb Code     0  startup_stm32f103xe.o(.text)
    DMA1_Channel5_IRQHandler                 0x0800015f   Thumb Code     0  startup_stm32f103xe.o(.text)
    DMA2_Channel1_IRQHandler                 0x0800015f   Thumb Code     0  startup_stm32f103xe.o(.text)
    DMA2_Channel2_IRQHandler                 0x0800015f   Thumb Code     0  startup_stm32f103xe.o(.text)
    EXTI0_IRQHandler                         0x0800015f   Thumb Code     0  startup_stm32f103xe.o(.text)
    EXTI15_10_IRQHandler                     0x0800015f   Thumb Code     0  startup_stm32f103xe.o(.text)
    EXTI1_IRQHandler                         0x0800015f   Thumb Code     0  startup_stm32f103xe.o(.text)
    EXTI2_IRQHandler                         0x0800015f   Thumb Code     0  startup_stm32f103xe.o(.text)
    EXTI3_IRQHandler                         0x0800015f   Thumb Code     0  startup_stm32f103xe.o(.text)
    EXTI4_IRQHandler                         0x0800015f   Thumb Code     0  startup_stm32f103xe.o(.text)
    EXTI9_5_IRQHandler                       0x0800015f   Thumb Code     0  startup_stm32f103xe.o(.text)
    FLASH_IRQHandler                         0x0800015f   Thumb Code     0  startup_stm32f103xe.o(.text)
    FSMC_IRQHandler                          0x0800015f   Thumb Code     0  startup_stm32f103xe.o(.text)
    I2C2_ER_IRQHandler                       0x0800015f   Thumb Code     0  startup_stm32f103xe.o(.text)
    I2C2_EV_IRQHandler                       0x0800015f   Thumb Code     0  startup_stm32f103xe.o(.text)
    PVD_IRQHandler                           0x0800015f   Thumb Code     0  startup_stm32f103xe.o(.text)
    RCC_IRQHandler                           0x0800015f   Thumb Code     0  startup_stm32f103xe.o(.text)
    RTC_Alarm_IRQHandler                     0x0800015f   Thumb Code     0  startup_stm32f103xe.o(.text)
    RTC_IRQHandler                           0x0800015f   Thumb Code     0  startup_stm32f103xe.o(.text)
    SDIO_IRQHandler                          0x0800015f   Thumb Code     0  startup_stm32f103xe.o(.text)
    SPI1_IRQHandler                          0x0800015f   Thumb Code     0  startup_stm32f103xe.o(.text)
    SPI2_IRQHandler                          0x0800015f   Thumb Code     0  startup_stm32f103xe.o(.text)
    SPI3_IRQHandler                          0x0800015f   Thumb Code     0  startup_stm32f103xe.o(.text)
    TAMPER_IRQHandler                        0x0800015f   Thumb Code     0  startup_stm32f103xe.o(.text)
    TIM1_BRK_IRQHandler                      0x0800015f   Thumb Code     0  startup_stm32f103xe.o(.text)
    TIM1_CC_IRQHandler                       0x0800015f   Thumb Code     0  startup_stm32f103xe.o(.text)
    TIM1_TRG_COM_IRQHandler                  0x0800015f   Thumb Code     0  startup_stm32f103xe.o(.text)
    TIM1_UP_IRQHandler                       0x0800015f   Thumb Code     0  startup_stm32f103xe.o(.text)
    TIM6_IRQHandler                          0x0800015f   Thumb Code     0  startup_stm32f103xe.o(.text)
    TIM7_IRQHandler                          0x0800015f   Thumb Code     0  startup_stm32f103xe.o(.text)
    TIM8_BRK_IRQHandler                      0x0800015f   Thumb Code     0  startup_stm32f103xe.o(.text)
    TIM8_CC_IRQHandler                       0x0800015f   Thumb Code     0  startup_stm32f103xe.o(.text)
    TIM8_TRG_COM_IRQHandler                  0x0800015f   Thumb Code     0  startup_stm32f103xe.o(.text)
    TIM8_UP_IRQHandler                       0x0800015f   Thumb Code     0  startup_stm32f103xe.o(.text)
    UART5_IRQHandler                         0x0800015f   Thumb Code     0  startup_stm32f103xe.o(.text)
    USART1_IRQHandler                        0x0800015f   Thumb Code     0  startup_stm32f103xe.o(.text)
    USART3_IRQHandler                        0x0800015f   Thumb Code     0  startup_stm32f103xe.o(.text)
    USBWakeUp_IRQHandler                     0x0800015f   Thumb Code     0  startup_stm32f103xe.o(.text)
    USB_HP_CAN1_TX_IRQHandler                0x0800015f   Thumb Code     0  startup_stm32f103xe.o(.text)
    USB_LP_CAN1_RX0_IRQHandler               0x0800015f   Thumb Code     0  startup_stm32f103xe.o(.text)
    WWDG_IRQHandler                          0x0800015f   Thumb Code     0  startup_stm32f103xe.o(.text)
    __aeabi_llsr                             0x08000169   Thumb Code    32  llushr.o(.text)
    _ll_ushift_r                             0x08000169   Thumb Code     0  llushr.o(.text)
    __aeabi_fadd                             0x08000189   Thumb Code   164  fadd.o(.text)
    __aeabi_fsub                             0x0800022d   Thumb Code     6  fadd.o(.text)
    __aeabi_frsub                            0x08000233   Thumb Code     6  fadd.o(.text)
    __aeabi_fmul                             0x08000239   Thumb Code   100  fmul.o(.text)
    __aeabi_fdiv                             0x0800029d   Thumb Code   124  fdiv.o(.text)
    __ARM_scalbnf                            0x08000319   Thumb Code    24  fscalb.o(.text)
    scalbnf                                  0x08000319   Thumb Code     0  fscalb.o(.text)
    __aeabi_dadd                             0x08000331   Thumb Code   322  dadd.o(.text)
    __aeabi_dsub                             0x08000473   Thumb Code     6  dadd.o(.text)
    __aeabi_drsub                            0x08000479   Thumb Code     6  dadd.o(.text)
    __aeabi_dmul                             0x0800047f   Thumb Code   228  dmul.o(.text)
    __aeabi_ddiv                             0x08000563   Thumb Code   222  ddiv.o(.text)
    __aeabi_i2f                              0x08000641   Thumb Code    18  fflti.o(.text)
    __aeabi_ui2f                             0x08000653   Thumb Code    10  ffltui.o(.text)
    __aeabi_f2uiz                            0x0800065d   Thumb Code    40  ffixui.o(.text)
    __aeabi_d2uiz                            0x08000685   Thumb Code    50  dfixui.o(.text)
    __aeabi_f2d                              0x080006b7   Thumb Code    38  f2d.o(.text)
    __aeabi_d2f                              0x080006dd   Thumb Code    56  d2f.o(.text)
    __aeabi_cfcmpeq                          0x08000715   Thumb Code     0  cfcmple.o(.text)
    __aeabi_cfcmple                          0x08000715   Thumb Code    20  cfcmple.o(.text)
    __aeabi_llsl                             0x08000729   Thumb Code    30  llshl.o(.text)
    _ll_shift_l                              0x08000729   Thumb Code     0  llshl.o(.text)
    __aeabi_lasr                             0x08000747   Thumb Code    36  llsshr.o(.text)
    _ll_sshift_r                             0x08000747   Thumb Code     0  llsshr.o(.text)
    __I$use$fp                               0x0800076b   Thumb Code     0  iusefp.o(.text)
    _float_round                             0x0800076b   Thumb Code    18  fepilogue.o(.text)
    _float_epilogue                          0x0800077d   Thumb Code    92  fepilogue.o(.text)
    _double_round                            0x080007d9   Thumb Code    30  depilogue.o(.text)
    _double_epilogue                         0x080007f7   Thumb Code   156  depilogue.o(.text)
    __scatterload                            0x08000895   Thumb Code    28  init.o(.text)
    __scatterload_rt2                        0x08000895   Thumb Code     0  init.o(.text)
    ADC_ConversionStop_Disable               0x080008b9   Thumb Code    74  stm32f1xx_hal_adc.o(i.ADC_ConversionStop_Disable)
    ADC_DMAConvCplt                          0x08000903   Thumb Code    78  stm32f1xx_hal_adc.o(i.ADC_DMAConvCplt)
    ADC_DMAError                             0x08000951   Thumb Code    26  stm32f1xx_hal_adc.o(i.ADC_DMAError)
    ADC_DMAHalfConvCplt                      0x0800096b   Thumb Code    10  stm32f1xx_hal_adc.o(i.ADC_DMAHalfConvCplt)
    ADC_Enable                               0x08000975   Thumb Code   102  stm32f1xx_hal_adc.o(i.ADC_Enable)
    BusFault_Handler                         0x080009e5   Thumb Code     2  stm32f1xx_it.o(i.BusFault_Handler)
    BuzzerControl                            0x080009e9   Thumb Code   114  indicatordevice.o(i.BuzzerControl)
    Buzzer_GPIO_Init                         0x08000a65   Thumb Code    62  indicatordevice.o(i.Buzzer_GPIO_Init)
    DMA1_Channel6_IRQHandler                 0x08000aad   Thumb Code     6  stm32f1xx_it.o(i.DMA1_Channel6_IRQHandler)
    DMA1_Channel7_IRQHandler                 0x08000ab9   Thumb Code     6  stm32f1xx_it.o(i.DMA1_Channel7_IRQHandler)
    DMA2_Channel3_IRQHandler                 0x08000ac5   Thumb Code     6  stm32f1xx_it.o(i.DMA2_Channel3_IRQHandler)
    DMA2_Channel4_5_IRQHandler               0x08000ad1   Thumb Code     6  stm32f1xx_it.o(i.DMA2_Channel4_5_IRQHandler)
    DebugMon_Handler                         0x08000b07   Thumb Code     2  stm32f1xx_it.o(i.DebugMon_Handler)
    Encoder_Struct_Init                      0x08000b09   Thumb Code    48  encoder.o(i.Encoder_Struct_Init)
    Encoder_UpdataValue                      0x08000b3d   Thumb Code   114  encoder.o(i.Encoder_UpdataValue)
    GetdBatteryCapacity                      0x08000bc5   Thumb Code   584  batteryinfor.o(i.GetdBatteryCapacity)
    HAL_ADC_ConfigChannel                    0x08000ed1   Thumb Code   240  stm32f1xx_hal_adc.o(i.HAL_ADC_ConfigChannel)
    HAL_ADC_ConvCpltCallback                 0x08000fcd   Thumb Code     2  stm32f1xx_hal_adc.o(i.HAL_ADC_ConvCpltCallback)
    HAL_ADC_ConvHalfCpltCallback             0x08000fcf   Thumb Code     2  stm32f1xx_hal_adc.o(i.HAL_ADC_ConvHalfCpltCallback)
    HAL_ADC_ErrorCallback                    0x08000fd1   Thumb Code     2  stm32f1xx_hal_adc.o(i.HAL_ADC_ErrorCallback)
    HAL_ADC_Init                             0x08000fd5   Thumb Code   274  stm32f1xx_hal_adc.o(i.HAL_ADC_Init)
    HAL_ADC_MspInit                          0x080010f9   Thumb Code   128  stm32f1xx_hal_msp.o(i.HAL_ADC_MspInit)
    HAL_ADC_Start                            0x0800118d   Thumb Code   184  stm32f1xx_hal_adc.o(i.HAL_ADC_Start)
    HAL_ADC_Start_DMA                        0x0800124d   Thumb Code   246  stm32f1xx_hal_adc.o(i.HAL_ADC_Start_DMA)
    HAL_DMA_Abort                            0x08001359   Thumb Code    48  stm32f1xx_hal_dma.o(i.HAL_DMA_Abort)
    HAL_DMA_Abort_IT                         0x08001389   Thumb Code   296  stm32f1xx_hal_dma.o(i.HAL_DMA_Abort_IT)
    HAL_DMA_IRQHandler                       0x080014b9   Thumb Code   552  stm32f1xx_hal_dma.o(i.HAL_DMA_IRQHandler)
    HAL_DMA_Init                             0x08001701   Thumb Code   120  stm32f1xx_hal_dma.o(i.HAL_DMA_Init)
    HAL_DMA_Start_IT                         0x08001785   Thumb Code   112  stm32f1xx_hal_dma.o(i.HAL_DMA_Start_IT)
    HAL_Delay                                0x080017f5   Thumb Code    32  stm32f1xx_hal.o(i.HAL_Delay)
    HAL_GPIO_Init                            0x08001819   Thumb Code   450  stm32f1xx_hal_gpio.o(i.HAL_GPIO_Init)
    HAL_GPIO_TogglePin                       0x08001a05   Thumb Code     8  stm32f1xx_hal_gpio.o(i.HAL_GPIO_TogglePin)
    HAL_GPIO_WritePin                        0x08001a0d   Thumb Code    10  stm32f1xx_hal_gpio.o(i.HAL_GPIO_WritePin)
    HAL_GetTick                              0x08001a19   Thumb Code     6  stm32f1xx_hal.o(i.HAL_GetTick)
    HAL_I2C_AbortCpltCallback                0x08001a25   Thumb Code     2  stm32f1xx_hal_i2c.o(i.HAL_I2C_AbortCpltCallback)
    HAL_I2C_AddrCallback                     0x08001a27   Thumb Code     2  stm32f1xx_hal_i2c.o(i.HAL_I2C_AddrCallback)
    HAL_I2C_ER_IRQHandler                    0x08001a29   Thumb Code   202  stm32f1xx_hal_i2c.o(i.HAL_I2C_ER_IRQHandler)
    HAL_I2C_EV_IRQHandler                    0x08001af9   Thumb Code   486  stm32f1xx_hal_i2c.o(i.HAL_I2C_EV_IRQHandler)
    HAL_I2C_ErrorCallback                    0x08001ce9   Thumb Code     2  i2c.o(i.HAL_I2C_ErrorCallback)
    HAL_I2C_Init                             0x08001ced   Thumb Code   302  stm32f1xx_hal_i2c.o(i.HAL_I2C_Init)
    HAL_I2C_ListenCpltCallback               0x08001e2d   Thumb Code     2  stm32f1xx_hal_i2c.o(i.HAL_I2C_ListenCpltCallback)
    HAL_I2C_MasterRxCpltCallback             0x08001e2f   Thumb Code     2  stm32f1xx_hal_i2c.o(i.HAL_I2C_MasterRxCpltCallback)
    HAL_I2C_MasterTxCpltCallback             0x08001e31   Thumb Code     2  stm32f1xx_hal_i2c.o(i.HAL_I2C_MasterTxCpltCallback)
    HAL_I2C_MemRxCpltCallback                0x08001e35   Thumb Code    40  i2c.o(i.HAL_I2C_MemRxCpltCallback)
    HAL_I2C_MemTxCpltCallback                0x08001e69   Thumb Code    16  i2c.o(i.HAL_I2C_MemTxCpltCallback)
    HAL_I2C_Mem_Read_IT                      0x08001e81   Thumb Code   208  stm32f1xx_hal_i2c.o(i.HAL_I2C_Mem_Read_IT)
    HAL_I2C_Mem_Write_IT                     0x08001f59   Thumb Code   194  stm32f1xx_hal_i2c.o(i.HAL_I2C_Mem_Write_IT)
    HAL_I2C_MspInit                          0x08002025   Thumb Code   122  stm32f1xx_hal_msp.o(i.HAL_I2C_MspInit)
    HAL_I2C_SlaveRxCpltCallback              0x080020b1   Thumb Code     2  stm32f1xx_hal_i2c.o(i.HAL_I2C_SlaveRxCpltCallback)
    HAL_I2C_SlaveTxCpltCallback              0x080020b3   Thumb Code     2  stm32f1xx_hal_i2c.o(i.HAL_I2C_SlaveTxCpltCallback)
    HAL_IncTick                              0x080020b5   Thumb Code    12  stm32f1xx_hal.o(i.HAL_IncTick)
    HAL_Init                                 0x080020c5   Thumb Code    32  stm32f1xx_hal.o(i.HAL_Init)
    HAL_InitTick                             0x080020e9   Thumb Code    54  stm32f1xx_hal.o(i.HAL_InitTick)
    HAL_MspInit                              0x08002129   Thumb Code   118  stm32f1xx_hal_msp.o(i.HAL_MspInit)
    HAL_NVIC_EnableIRQ                       0x080021a9   Thumb Code    22  stm32f1xx_hal_cortex.o(i.HAL_NVIC_EnableIRQ)
    HAL_NVIC_SetPriority                     0x080021c1   Thumb Code    60  stm32f1xx_hal_cortex.o(i.HAL_NVIC_SetPriority)
    HAL_NVIC_SetPriorityGrouping             0x08002201   Thumb Code    26  stm32f1xx_hal_cortex.o(i.HAL_NVIC_SetPriorityGrouping)
    HAL_RCCEx_PeriphCLKConfig                0x08002225   Thumb Code   220  stm32f1xx_hal_rcc_ex.o(i.HAL_RCCEx_PeriphCLKConfig)
    HAL_RCC_ClockConfig                      0x0800230d   Thumb Code   316  stm32f1xx_hal_rcc.o(i.HAL_RCC_ClockConfig)
    HAL_RCC_GetHCLKFreq                      0x08002459   Thumb Code     6  stm32f1xx_hal_rcc.o(i.HAL_RCC_GetHCLKFreq)
    HAL_RCC_GetPCLK1Freq                     0x08002465   Thumb Code    20  stm32f1xx_hal_rcc.o(i.HAL_RCC_GetPCLK1Freq)
    HAL_RCC_GetPCLK2Freq                     0x08002485   Thumb Code    20  stm32f1xx_hal_rcc.o(i.HAL_RCC_GetPCLK2Freq)
    HAL_RCC_GetSysClockFreq                  0x080024a5   Thumb Code    74  stm32f1xx_hal_rcc.o(i.HAL_RCC_GetSysClockFreq)
    HAL_RCC_OscConfig                        0x08002511   Thumb Code   740  stm32f1xx_hal_rcc.o(i.HAL_RCC_OscConfig)
    HAL_SYSTICK_CLKSourceConfig              0x08002809   Thumb Code    24  stm32f1xx_hal_cortex.o(i.HAL_SYSTICK_CLKSourceConfig)
    HAL_SYSTICK_Callback                     0x08002821   Thumb Code   184  loop.o(i.HAL_SYSTICK_Callback)
    HAL_SYSTICK_Config                       0x08002911   Thumb Code    40  stm32f1xx_hal_cortex.o(i.HAL_SYSTICK_Config)
    HAL_SYSTICK_IRQHandler                   0x08002939   Thumb Code     8  stm32f1xx_hal_cortex.o(i.HAL_SYSTICK_IRQHandler)
    HAL_TIMEx_BreakCallback                  0x08002941   Thumb Code     2  stm32f1xx_hal_tim_ex.o(i.HAL_TIMEx_BreakCallback)
    HAL_TIMEx_CommutationCallback            0x08002943   Thumb Code     2  stm32f1xx_hal_tim_ex.o(i.HAL_TIMEx_CommutationCallback)
    HAL_TIMEx_ConfigBreakDeadTime            0x08002945   Thumb Code    90  stm32f1xx_hal_tim_ex.o(i.HAL_TIMEx_ConfigBreakDeadTime)
    HAL_TIMEx_MasterConfigSynchronization    0x0800299f   Thumb Code    80  stm32f1xx_hal_tim_ex.o(i.HAL_TIMEx_MasterConfigSynchronization)
    HAL_TIM_Encoder_Init                     0x080029ef   Thumb Code   150  stm32f1xx_hal_tim.o(i.HAL_TIM_Encoder_Init)
    HAL_TIM_Encoder_MspInit                  0x08002a85   Thumb Code   376  stm32f1xx_hal_msp.o(i.HAL_TIM_Encoder_MspInit)
    HAL_TIM_Encoder_Start                    0x08002c19   Thumb Code    50  stm32f1xx_hal_tim.o(i.HAL_TIM_Encoder_Start)
    HAL_TIM_IC_CaptureCallback               0x08002c4b   Thumb Code     2  stm32f1xx_hal_tim.o(i.HAL_TIM_IC_CaptureCallback)
    HAL_TIM_IRQHandler                       0x08002c4d   Thumb Code   358  stm32f1xx_hal_tim.o(i.HAL_TIM_IRQHandler)
    HAL_TIM_OC_DelayElapsedCallback          0x08002db3   Thumb Code     2  stm32f1xx_hal_tim.o(i.HAL_TIM_OC_DelayElapsedCallback)
    HAL_TIM_PWM_ConfigChannel                0x08002db5   Thumb Code   208  stm32f1xx_hal_tim.o(i.HAL_TIM_PWM_ConfigChannel)
    HAL_TIM_PWM_Init                         0x08002e85   Thumb Code    54  stm32f1xx_hal_tim.o(i.HAL_TIM_PWM_Init)
    HAL_TIM_PWM_MspInit                      0x08002ebd   Thumb Code    70  stm32f1xx_hal_msp.o(i.HAL_TIM_PWM_MspInit)
    HAL_TIM_PWM_PulseFinishedCallback        0x08002f11   Thumb Code     2  stm32f1xx_hal_tim.o(i.HAL_TIM_PWM_PulseFinishedCallback)
    HAL_TIM_PWM_Start                        0x08002f15   Thumb Code    48  stm32f1xx_hal_tim.o(i.HAL_TIM_PWM_Start)
    HAL_TIM_PeriodElapsedCallback            0x08002f4d   Thumb Code   124  encoder.o(i.HAL_TIM_PeriodElapsedCallback)
    HAL_TIM_TriggerCallback                  0x08002fdd   Thumb Code     2  stm32f1xx_hal_tim.o(i.HAL_TIM_TriggerCallback)
    HAL_UART_DMAStop                         0x08002fdf   Thumb Code    88  stm32f1xx_hal_uart.o(i.HAL_UART_DMAStop)
    HAL_UART_ErrorCallback                   0x08003037   Thumb Code    76  uart.o(i.HAL_UART_ErrorCallback)
    HAL_UART_IRQHandler                      0x08003085   Thumb Code   266  stm32f1xx_hal_uart.o(i.HAL_UART_IRQHandler)
    HAL_UART_Init                            0x08003195   Thumb Code    98  stm32f1xx_hal_uart.o(i.HAL_UART_Init)
    HAL_UART_MspInit                         0x080031f9   Thumb Code   444  stm32f1xx_hal_msp.o(i.HAL_UART_MspInit)
    HAL_UART_Receive_DMA                     0x080033e5   Thumb Code   138  stm32f1xx_hal_uart.o(i.HAL_UART_Receive_DMA)
    HAL_UART_RxCpltCallback                  0x0800347d   Thumb Code     2  uart.o(i.HAL_UART_RxCpltCallback)
    HAL_UART_RxHalfCpltCallback              0x0800347f   Thumb Code     2  stm32f1xx_hal_uart.o(i.HAL_UART_RxHalfCpltCallback)
    HAL_UART_TxCpltCallback                  0x08003481   Thumb Code     2  uart.o(i.HAL_UART_TxCpltCallback)
    HardFault_Handler                        0x08003483   Thumb Code     2  stm32f1xx_it.o(i.HardFault_Handler)
    I2C1_ER_IRQHandler                       0x08003485   Thumb Code     6  stm32f1xx_it.o(i.I2C1_ER_IRQHandler)
    I2C1_EV_IRQHandler                       0x08003491   Thumb Code     6  stm32f1xx_it.o(i.I2C1_EV_IRQHandler)
    IncPID_Init                              0x08003be1   Thumb Code    16  pid.o(i.IncPID_Init)
    Incremental_PID                          0x08003bf1   Thumb Code    86  pid.o(i.Incremental_PID)
    IndicatorDeviceControl                   0x08003c49   Thumb Code   156  indicatordevice.o(i.IndicatorDeviceControl)
    Init                                     0x08003cf1   Thumb Code   252  main.o(i.Init)
    Kinematics_Mecanum_CalculateRPM          0x08003e3d   Thumb Code   136  kinematics_mecanum.o(i.Kinematics_Mecanum_CalculateRPM)
    Kinematics_Mecanum_GetVelocities         0x08003ed1   Thumb Code   144  kinematics_mecanum.o(i.Kinematics_Mecanum_GetVelocities)
    LED_Green_Control                        0x08003f6d   Thumb Code   114  indicatordevice.o(i.LED_Green_Control)
    LED_Green_GPIO_Init                      0x08003fe9   Thumb Code    60  indicatordevice.o(i.LED_Green_GPIO_Init)
    LED_Red_Control                          0x0800402d   Thumb Code   114  indicatordevice.o(i.LED_Red_Control)
    LED_Red_GPIO_Init                        0x080040a9   Thumb Code    60  indicatordevice.o(i.LED_Red_GPIO_Init)
    LPF_Struct_Init                          0x080040ed   Thumb Code    10  lowpassfilter.o(i.LPF_Struct_Init)
    LowPassFilter                            0x080040f7   Thumb Code    42  lowpassfilter.o(i.LowPassFilter)
    MPU6050_Init                             0x08004121   Thumb Code   176  mpu6050.o(i.MPU6050_Init)
    MPU6050_Update                           0x080041d9   Thumb Code   126  mpu6050.o(i.MPU6050_Update)
    MPU6050_UpdateAccel                      0x08004265   Thumb Code    56  mpu6050.o(i.MPU6050_UpdateAccel)
    MPU6050_UpdateGyro                       0x080042a1   Thumb Code    56  mpu6050.o(i.MPU6050_UpdateGyro)
    MX_ADC1_Init                             0x080042dd   Thumb Code    86  adc1.o(i.MX_ADC1_Init)
    MX_I2C1_Init                             0x08004341   Thumb Code    56  i2c.o(i.MX_I2C1_Init)
    MX_TIM2_Init                             0x08004389   Thumb Code   108  tim2.o(i.MX_TIM2_Init)
    MX_TIM3_Init                             0x080043fd   Thumb Code    88  tim3.o(i.MX_TIM3_Init)
    MX_TIM4_Init                             0x0800445d   Thumb Code    88  tim4.o(i.MX_TIM4_Init)
    MX_TIM5_Init                             0x080044bd   Thumb Code    88  tim5.o(i.MX_TIM5_Init)
    MX_TIM8_Init                             0x0800451d   Thumb Code   168  tim8.o(i.MX_TIM8_Init)
    MX_UART4_Init                            0x080045cd   Thumb Code    66  uart.o(i.MX_UART4_Init)
    MX_USART2_Init                           0x0800461d   Thumb Code    60  uart.o(i.MX_USART2_Init)
    MemManage_Handler                        0x08004661   Thumb Code     2  stm32f1xx_it.o(i.MemManage_Handler)
    Motor1_Forward                           0x08004665   Thumb Code    10  motorcontrol.o(i.Motor1_Forward)
    Motor1_GPIO_Init                         0x08004675   Thumb Code    58  motorcontrol.o(i.Motor1_GPIO_Init)
    Motor1_Reverse                           0x080046b9   Thumb Code    10  motorcontrol.o(i.Motor1_Reverse)
    Motor2_Forward                           0x080046c9   Thumb Code    12  motorcontrol.o(i.Motor2_Forward)
    Motor2_GPIO_Init                         0x080046d9   Thumb Code    58  motorcontrol.o(i.Motor2_GPIO_Init)
    Motor2_Reverse                           0x0800471d   Thumb Code    10  motorcontrol.o(i.Motor2_Reverse)
    Motor3_Forward                           0x0800472d   Thumb Code    10  motorcontrol.o(i.Motor3_Forward)
    Motor3_GPIO_Init                         0x0800473d   Thumb Code    58  motorcontrol.o(i.Motor3_GPIO_Init)
    Motor3_Reverse                           0x08004781   Thumb Code    12  motorcontrol.o(i.Motor3_Reverse)
    Motor4_Forward                           0x08004791   Thumb Code    12  motorcontrol.o(i.Motor4_Forward)
    Motor4_GPIO_Init                         0x080047a1   Thumb Code    58  motorcontrol.o(i.Motor4_GPIO_Init)
    Motor4_Reverse                           0x080047e5   Thumb Code    10  motorcontrol.o(i.Motor4_Reverse)
    NMI_Handler                              0x080047f5   Thumb Code     2  stm32f1xx_it.o(i.NMI_Handler)
    ParseData_Init                           0x08004817   Thumb Code    26  dataprotocol.o(i.ParseData_Init)
    PendSV_Handler                           0x08004831   Thumb Code     2  stm32f1xx_it.o(i.PendSV_Handler)
    RC_Update                                0x08004835   Thumb Code   202  rc.o(i.RC_Update)
    RC_UpdateStruct                          0x08004905   Thumb Code   404  rc.o(i.RC_UpdateStruct)
    RingBuff_Init                            0x08004aa9   Thumb Code    36  ringbuff.o(i.RingBuff_Init)
    RingBuff_Write                           0x08004acd   Thumb Code    86  ringbuff.o(i.RingBuff_Write)
    SVC_Handler                              0x08004b23   Thumb Code     2  stm32f1xx_it.o(i.SVC_Handler)
    SysTick_Handler                          0x08004b25   Thumb Code    14  stm32f1xx_it.o(i.SysTick_Handler)
    SystemClock_Config                       0x08004b33   Thumb Code   122  main.o(i.SystemClock_Config)
    SystemInit                               0x08004bad   Thumb Code    56  system_stm32f1xx.o(i.SystemInit)
    TIM2_IRQHandler                          0x08004bf5   Thumb Code     6  stm32f1xx_it.o(i.TIM2_IRQHandler)
    TIM3_IRQHandler                          0x08004c01   Thumb Code     6  stm32f1xx_it.o(i.TIM3_IRQHandler)
    TIM4_IRQHandler                          0x08004c0d   Thumb Code     6  stm32f1xx_it.o(i.TIM4_IRQHandler)
    TIM5_IRQHandler                          0x08004c19   Thumb Code     6  stm32f1xx_it.o(i.TIM5_IRQHandler)
    TIM_Base_SetConfig                       0x08004c25   Thumb Code   120  stm32f1xx_hal_tim.o(i.TIM_Base_SetConfig)
    TIM_CCxChannelCmd                        0x08004cb1   Thumb Code    22  stm32f1xx_hal_tim.o(i.TIM_CCxChannelCmd)
    TIM_OC2_SetConfig                        0x08004d29   Thumb Code    98  stm32f1xx_hal_tim.o(i.TIM_OC2_SetConfig)
    UART4_IRQHandler                         0x08004e4d   Thumb Code    28  stm32f1xx_it.o(i.UART4_IRQHandler)
    USART2_IRQHandler                        0x080051a5   Thumb Code    28  stm32f1xx_it.o(i.USART2_IRQHandler)
    UpdateBatteryInfor                       0x080051c5   Thumb Code    70  batteryinfor.o(i.UpdateBatteryInfor)
    UsageFault_Handler                       0x08005219   Thumb Code     2  stm32f1xx_it.o(i.UsageFault_Handler)
    UsartReceive_IDLE                        0x0800521d   Thumb Code   124  uart.o(i.UsartReceive_IDLE)
    VelocityControl_4WD                      0x080052ad   Thumb Code   780  velocitycontrol.o(i.VelocityControl_4WD)
    __scatterload_copy                       0x08005601   Thumb Code    14  handlers.o(i.__scatterload_copy)
    __scatterload_null                       0x0800560f   Thumb Code     2  handlers.o(i.__scatterload_null)
    __scatterload_zeroinit                   0x08005611   Thumb Code    14  handlers.o(i.__scatterload_zeroinit)
    main                                     0x08005621   Thumb Code   392  main.o(i.main)
    malloc                                   0x080057e1   Thumb Code    92  malloc.o(i.malloc)
    AHBPrescTable                            0x0800584c   Data          16  system_stm32f1xx.o(.constdata)
    APBPrescTable                            0x0800585c   Data           8  system_stm32f1xx.o(.constdata)
    Region$$Table$$Base                      0x08005864   Number         0  anon$$obj.o(Region$$Table)
    Region$$Table$$Limit                     0x08005884   Number         0  anon$$obj.o(Region$$Table)
    Loop_5msTime                             0x20000000   Data           2  main.o(.data)
    Loop_10msTime                            0x20000002   Data           2  main.o(.data)
    Loop_500msTime                           0x20000004   Data           2  main.o(.data)
    LeftTime1                                0x20000008   Data           4  main.o(.data)
    ForwardTime1                             0x2000000c   Data           4  main.o(.data)
    ForwardTime2                             0x20000010   Data           4  main.o(.data)
    StopTime1                                0x20000014   Data           4  main.o(.data)
    speedX                                   0x20000018   Data           4  main.o(.data)
    speedY                                   0x2000001c   Data           4  main.o(.data)
    EndTime                                  0x20000020   Data           8  main.o(.data)
    HeartbeatTime                            0x20000028   Data           2  main.o(.data)
    LeftTime2                                0x2000002c   Data           4  main.o(.data)
    RightTime1                               0x20000030   Data           4  main.o(.data)
    RightTime2                               0x20000034   Data           4  main.o(.data)
    BackTime1                                0x20000038   Data           4  main.o(.data)
    BackTime2                                0x2000003c   Data           4  main.o(.data)
    ADC1_DMA_Buff                            0x20000040   Data           8  adc1.o(.data)
    I2C1_Tx_Flag                             0x20000048   Data           1  i2c.o(.data)
    I2C1_Rx_Flag                             0x20000049   Data           1  i2c.o(.data)
    Buzzer_LockedStatus                      0x2000004a   Data           1  indicatordevice.o(.data)
    LED_Green_LockedStatus                   0x2000004b   Data           1  indicatordevice.o(.data)
    LED_Red_LockedStatus                     0x2000004c   Data           1  indicatordevice.o(.data)
    Buzzer_Times                             0x2000004e   Data           2  indicatordevice.o(.data)
    Buzzer_PeriodTime                        0x20000050   Data           2  indicatordevice.o(.data)
    LED_Green_Times                          0x20000052   Data           2  indicatordevice.o(.data)
    LED_Green_PeriodTime                     0x20000054   Data           2  indicatordevice.o(.data)
    LED_Red_Times                            0x20000056   Data           2  indicatordevice.o(.data)
    LED_Red_PeriodTime                       0x20000058   Data           2  indicatordevice.o(.data)
    Buzzer_PeriodTimeBuffer                  0x20000066   Data           2  indicatordevice.o(.data)
    LED_Green_PeriodTimeBuffer               0x20000068   Data           2  indicatordevice.o(.data)
    LED_Red_PeriodTimeBuffer                 0x2000006a   Data           2  indicatordevice.o(.data)
    TIM1_OverflowCount                       0x2000006c   Data           2  encoder.o(.data)
    TIM2_OverflowCount                       0x2000006e   Data           2  encoder.o(.data)
    TIM3_OverflowCount                       0x20000070   Data           2  encoder.o(.data)
    TIM4_OverflowCount                       0x20000072   Data           2  encoder.o(.data)
    TIM5_OverflowCount                       0x20000074   Data           2  encoder.o(.data)
    uwTickFreq                               0x2000008c   Data           1  stm32f1xx_hal.o(.data)
    uwTickPrio                               0x20000090   Data           4  stm32f1xx_hal.o(.data)
    uwTick                                   0x20000094   Data           4  stm32f1xx_hal.o(.data)
    SystemCoreClock                          0x20000098   Data           4  system_stm32f1xx.o(.data)
    __microlib_freelist                      0x200000ac   Data           4  mvars.o(.data)
    __microlib_freelist_initialised          0x200000b0   Data           4  mvars.o(.data)
    DataCom_RX                               0x200000b4   Data          12  shareware.o(.bss)
    LPF_Linear_X                             0x200000c0   Data          12  shareware.o(.bss)
    LPF_Linear_Y                             0x200000cc   Data          12  shareware.o(.bss)
    LPF_Angular_Z                            0x200000d8   Data          12  shareware.o(.bss)
    Battery                                  0x200000e4   Data          12  shareware.o(.bss)
    LPF_SupplyVoltage                        0x200000f0   Data          12  shareware.o(.bss)
    RC                                       0x200000fc   Data          40  shareware.o(.bss)
    PID_M1                                   0x20000124   Data          24  shareware.o(.bss)
    PID_M2                                   0x2000013c   Data          24  shareware.o(.bss)
    PID_M3                                   0x20000154   Data          24  shareware.o(.bss)
    PID_M4                                   0x2000016c   Data          24  shareware.o(.bss)
    Encoder_M1                               0x20000184   Data          12  shareware.o(.bss)
    Encoder_M2                               0x20000190   Data          12  shareware.o(.bss)
    Encoder_M3                               0x2000019c   Data          12  shareware.o(.bss)
    Encoder_M4                               0x200001a8   Data          12  shareware.o(.bss)
    VelControl                               0x200001b4   Data          32  shareware.o(.bss)
    Kinematics_Inverse                       0x200001d4   Data          28  shareware.o(.bss)
    Kinematics_Forward                       0x200001f0   Data          28  shareware.o(.bss)
    RingBuff_Mast                            0x2000020c   Data          24  shareware.o(.bss)
    ParseData_Mast                           0x20000224   Data          12  shareware.o(.bss)
    MPU6050                                  0x20000230   Data          80  shareware.o(.bss)
    htim8                                    0x20000280   Data          64  tim8.o(.bss)
    huart2                                   0x200002c0   Data          64  uart.o(.bss)
    Usart2_TX_Buf                            0x20000300   Data         100  uart.o(.bss)
    Usart2_RX_Buf                            0x20000364   Data          60  uart.o(.bss)
    hdma_usart2_rx                           0x200003a0   Data          68  uart.o(.bss)
    huart4                                   0x200003e4   Data          64  uart.o(.bss)
    Uart4_RX_Buf                             0x20000424   Data          30  uart.o(.bss)
    hdma_uart4_rx                            0x20000444   Data          68  uart.o(.bss)
    hdma_usart2_tx                           0x20000488   Data          68  uart.o(.bss)
    hdma_uart4_tx                            0x200004cc   Data          68  uart.o(.bss)
    htim4                                    0x20000510   Data          64  tim4.o(.bss)
    htim2                                    0x20000550   Data          64  tim2.o(.bss)
    htim3                                    0x20000590   Data          64  tim3.o(.bss)
    htim5                                    0x200005d0   Data          64  tim5.o(.bss)
    hadc1                                    0x20000610   Data          48  adc1.o(.bss)
    hdma1                                    0x20000640   Data          68  adc1.o(.bss)
    hi2c1                                    0x20000684   Data          84  i2c.o(.bss)
    __heap_base                              0x200006d8   Data           0  startup_stm32f103xe.o(HEAP)
    __heap_limit                             0x20002de8   Data           0  startup_stm32f103xe.o(HEAP)
    __initial_sp                             0x200031e8   Data           0  startup_stm32f103xe.o(STACK)



==============================================================================

Memory Map of the image

  Image Entry point : 0x08000131

  Load Region LR_IROM1 (Base: 0x08000000, Size: 0x00005938, Max: 0x00080000, ABSOLUTE)

    Execution Region ER_IROM1 (Base: 0x08000000, Size: 0x00005884, Max: 0x00080000, ABSOLUTE)

    Base Addr    Size         Type   Attr      Idx    E Section Name        Object

    0x08000000   0x00000130   Data   RO            3    RESET               startup_stm32f103xe.o
    0x08000130   0x00000000   Code   RO         5609  * .ARM.Collect$$$$00000000  mc_w.l(entry.o)
    0x08000130   0x00000004   Code   RO         5700    .ARM.Collect$$$$00000001  mc_w.l(entry2.o)
    0x08000134   0x00000004   Code   RO         5703    .ARM.Collect$$$$00000004  mc_w.l(entry5.o)
    0x08000138   0x00000000   Code   RO         5705    .ARM.Collect$$$$00000008  mc_w.l(entry7b.o)
    0x08000138   0x00000000   Code   RO         5707    .ARM.Collect$$$$0000000A  mc_w.l(entry8b.o)
    0x08000138   0x00000008   Code   RO         5708    .ARM.Collect$$$$0000000B  mc_w.l(entry9a.o)
    0x08000140   0x00000000   Code   RO         5710    .ARM.Collect$$$$0000000D  mc_w.l(entry10a.o)
    0x08000140   0x00000000   Code   RO         5712    .ARM.Collect$$$$0000000F  mc_w.l(entry11a.o)
    0x08000140   0x00000004   Code   RO         5701    .ARM.Collect$$$$00002712  mc_w.l(entry2.o)
    0x08000144   0x00000024   Code   RO            4    .text               startup_stm32f103xe.o
    0x08000168   0x00000020   Code   RO         5612    .text               mc_w.l(llushr.o)
    0x08000188   0x000000b0   Code   RO         5670    .text               mf_w.l(fadd.o)
    0x08000238   0x00000064   Code   RO         5672    .text               mf_w.l(fmul.o)
    0x0800029c   0x0000007c   Code   RO         5674    .text               mf_w.l(fdiv.o)
    0x08000318   0x00000018   Code   RO         5676    .text               mf_w.l(fscalb.o)
    0x08000330   0x0000014e   Code   RO         5678    .text               mf_w.l(dadd.o)
    0x0800047e   0x000000e4   Code   RO         5680    .text               mf_w.l(dmul.o)
    0x08000562   0x000000de   Code   RO         5682    .text               mf_w.l(ddiv.o)
    0x08000640   0x00000012   Code   RO         5684    .text               mf_w.l(fflti.o)
    0x08000652   0x0000000a   Code   RO         5686    .text               mf_w.l(ffltui.o)
    0x0800065c   0x00000028   Code   RO         5688    .text               mf_w.l(ffixui.o)
    0x08000684   0x00000032   Code   RO         5690    .text               mf_w.l(dfixui.o)
    0x080006b6   0x00000026   Code   RO         5692    .text               mf_w.l(f2d.o)
    0x080006dc   0x00000038   Code   RO         5694    .text               mf_w.l(d2f.o)
    0x08000714   0x00000014   Code   RO         5696    .text               mf_w.l(cfcmple.o)
    0x08000728   0x0000001e   Code   RO         5721    .text               mc_w.l(llshl.o)
    0x08000746   0x00000024   Code   RO         5723    .text               mc_w.l(llsshr.o)
    0x0800076a   0x00000000   Code   RO         5731    .text               mc_w.l(iusefp.o)
    0x0800076a   0x0000006e   Code   RO         5732    .text               mf_w.l(fepilogue.o)
    0x080007d8   0x000000ba   Code   RO         5734    .text               mf_w.l(depilogue.o)
    0x08000892   0x00000002   PAD
    0x08000894   0x00000024   Code   RO         5740    .text               mc_w.l(init.o)
    0x080008b8   0x0000004a   Code   RO         2544    i.ADC_ConversionStop_Disable  stm32f1xx_hal_adc.o
    0x08000902   0x0000004e   Code   RO         2545    i.ADC_DMAConvCplt   stm32f1xx_hal_adc.o
    0x08000950   0x0000001a   Code   RO         2546    i.ADC_DMAError      stm32f1xx_hal_adc.o
    0x0800096a   0x0000000a   Code   RO         2547    i.ADC_DMAHalfConvCplt  stm32f1xx_hal_adc.o
    0x08000974   0x00000070   Code   RO         2548    i.ADC_Enable        stm32f1xx_hal_adc.o
    0x080009e4   0x00000002   Code   RO          360    i.BusFault_Handler  stm32f1xx_it.o
    0x080009e6   0x00000002   PAD
    0x080009e8   0x0000007c   Code   RO          910    i.BuzzerControl     indicatordevice.o
    0x08000a64   0x00000048   Code   RO          911    i.Buzzer_GPIO_Init  indicatordevice.o
    0x08000aac   0x0000000c   Code   RO          361    i.DMA1_Channel6_IRQHandler  stm32f1xx_it.o
    0x08000ab8   0x0000000c   Code   RO          362    i.DMA1_Channel7_IRQHandler  stm32f1xx_it.o
    0x08000ac4   0x0000000c   Code   RO          363    i.DMA2_Channel3_IRQHandler  stm32f1xx_it.o
    0x08000ad0   0x0000000c   Code   RO          364    i.DMA2_Channel4_5_IRQHandler  stm32f1xx_it.o
    0x08000adc   0x0000002a   Code   RO         1335    i.DMA_SetConfig     stm32f1xx_hal_dma.o
    0x08000b06   0x00000002   Code   RO          365    i.DebugMon_Handler  stm32f1xx_it.o
    0x08000b08   0x00000034   Code   RO          973    i.Encoder_Struct_Init  encoder.o
    0x08000b3c   0x00000088   Code   RO          974    i.Encoder_UpdataValue  encoder.o
    0x08000bc4   0x0000030c   Code   RO         1015    i.GetdBatteryCapacity  batteryinfor.o
    0x08000ed0   0x000000fc   Code   RO         2550    i.HAL_ADC_ConfigChannel  stm32f1xx_hal_adc.o
    0x08000fcc   0x00000002   Code   RO         2551    i.HAL_ADC_ConvCpltCallback  stm32f1xx_hal_adc.o
    0x08000fce   0x00000002   Code   RO         2552    i.HAL_ADC_ConvHalfCpltCallback  stm32f1xx_hal_adc.o
    0x08000fd0   0x00000002   Code   RO         2554    i.HAL_ADC_ErrorCallback  stm32f1xx_hal_adc.o
    0x08000fd2   0x00000002   PAD
    0x08000fd4   0x00000124   Code   RO         2559    i.HAL_ADC_Init      stm32f1xx_hal_adc.o
    0x080010f8   0x00000094   Code   RO          277    i.HAL_ADC_MspInit   stm32f1xx_hal_msp.o
    0x0800118c   0x000000c0   Code   RO         2565    i.HAL_ADC_Start     stm32f1xx_hal_adc.o
    0x0800124c   0x0000010c   Code   RO         2566    i.HAL_ADC_Start_DMA  stm32f1xx_hal_adc.o
    0x08001358   0x00000030   Code   RO         1336    i.HAL_DMA_Abort     stm32f1xx_hal_dma.o
    0x08001388   0x00000130   Code   RO         1337    i.HAL_DMA_Abort_IT  stm32f1xx_hal_dma.o
    0x080014b8   0x00000248   Code   RO         1341    i.HAL_DMA_IRQHandler  stm32f1xx_hal_dma.o
    0x08001700   0x00000084   Code   RO         1342    i.HAL_DMA_Init      stm32f1xx_hal_dma.o
    0x08001784   0x00000070   Code   RO         1346    i.HAL_DMA_Start_IT  stm32f1xx_hal_dma.o
    0x080017f4   0x00000024   Code   RO         3368    i.HAL_Delay         stm32f1xx_hal.o
    0x08001818   0x000001ec   Code   RO         3173    i.HAL_GPIO_Init     stm32f1xx_hal_gpio.o
    0x08001a04   0x00000008   Code   RO         3176    i.HAL_GPIO_TogglePin  stm32f1xx_hal_gpio.o
    0x08001a0c   0x0000000a   Code   RO         3177    i.HAL_GPIO_WritePin  stm32f1xx_hal_gpio.o
    0x08001a16   0x00000002   PAD
    0x08001a18   0x0000000c   Code   RO         3372    i.HAL_GetTick       stm32f1xx_hal.o
    0x08001a24   0x00000002   Code   RO         3725    i.HAL_I2C_AbortCpltCallback  stm32f1xx_hal_i2c.o
    0x08001a26   0x00000002   Code   RO         3726    i.HAL_I2C_AddrCallback  stm32f1xx_hal_i2c.o
    0x08001a28   0x000000d0   Code   RO         3729    i.HAL_I2C_ER_IRQHandler  stm32f1xx_hal_i2c.o
    0x08001af8   0x000001f0   Code   RO         3730    i.HAL_I2C_EV_IRQHandler  stm32f1xx_hal_i2c.o
    0x08001ce8   0x00000002   Code   RO          859    i.HAL_I2C_ErrorCallback  i2c.o
    0x08001cea   0x00000002   PAD
    0x08001cec   0x00000140   Code   RO         3736    i.HAL_I2C_Init      stm32f1xx_hal_i2c.o
    0x08001e2c   0x00000002   Code   RO         3738    i.HAL_I2C_ListenCpltCallback  stm32f1xx_hal_i2c.o
    0x08001e2e   0x00000002   Code   RO         3739    i.HAL_I2C_MasterRxCpltCallback  stm32f1xx_hal_i2c.o
    0x08001e30   0x00000002   Code   RO         3740    i.HAL_I2C_MasterTxCpltCallback  stm32f1xx_hal_i2c.o
    0x08001e32   0x00000002   PAD
    0x08001e34   0x00000034   Code   RO          860    i.HAL_I2C_MemRxCpltCallback  i2c.o
    0x08001e68   0x00000018   Code   RO          861    i.HAL_I2C_MemTxCpltCallback  i2c.o
    0x08001e80   0x000000d8   Code   RO         3754    i.HAL_I2C_Mem_Read_IT  stm32f1xx_hal_i2c.o
    0x08001f58   0x000000cc   Code   RO         3757    i.HAL_I2C_Mem_Write_IT  stm32f1xx_hal_i2c.o
    0x08002024   0x0000008c   Code   RO          279    i.HAL_I2C_MspInit   stm32f1xx_hal_msp.o
    0x080020b0   0x00000002   Code   RO         3760    i.HAL_I2C_SlaveRxCpltCallback  stm32f1xx_hal_i2c.o
    0x080020b2   0x00000002   Code   RO         3761    i.HAL_I2C_SlaveTxCpltCallback  stm32f1xx_hal_i2c.o
    0x080020b4   0x00000010   Code   RO         3376    i.HAL_IncTick       stm32f1xx_hal.o
    0x080020c4   0x00000024   Code   RO         3377    i.HAL_Init          stm32f1xx_hal.o
    0x080020e8   0x00000040   Code   RO         3378    i.HAL_InitTick      stm32f1xx_hal.o
    0x08002128   0x00000080   Code   RO          280    i.HAL_MspInit       stm32f1xx_hal_msp.o
    0x080021a8   0x00000016   Code   RO         2959    i.HAL_NVIC_EnableIRQ  stm32f1xx_hal_cortex.o
    0x080021be   0x00000002   PAD
    0x080021c0   0x00000040   Code   RO         2965    i.HAL_NVIC_SetPriority  stm32f1xx_hal_cortex.o
    0x08002200   0x00000024   Code   RO         2966    i.HAL_NVIC_SetPriorityGrouping  stm32f1xx_hal_cortex.o
    0x08002224   0x000000e8   Code   RO         2510    i.HAL_RCCEx_PeriphCLKConfig  stm32f1xx_hal_rcc_ex.o
    0x0800230c   0x0000014c   Code   RO         3624    i.HAL_RCC_ClockConfig  stm32f1xx_hal_rcc.o
    0x08002458   0x0000000c   Code   RO         3629    i.HAL_RCC_GetHCLKFreq  stm32f1xx_hal_rcc.o
    0x08002464   0x00000020   Code   RO         3631    i.HAL_RCC_GetPCLK1Freq  stm32f1xx_hal_rcc.o
    0x08002484   0x00000020   Code   RO         3632    i.HAL_RCC_GetPCLK2Freq  stm32f1xx_hal_rcc.o
    0x080024a4   0x0000006c   Code   RO         3633    i.HAL_RCC_GetSysClockFreq  stm32f1xx_hal_rcc.o
    0x08002510   0x000002f8   Code   RO         3636    i.HAL_RCC_OscConfig  stm32f1xx_hal_rcc.o
    0x08002808   0x00000018   Code   RO         2968    i.HAL_SYSTICK_CLKSourceConfig  stm32f1xx_hal_cortex.o
    0x08002820   0x000000f0   Code   RO          603    i.HAL_SYSTICK_Callback  loop.o
    0x08002910   0x00000028   Code   RO         2970    i.HAL_SYSTICK_Config  stm32f1xx_hal_cortex.o
    0x08002938   0x00000008   Code   RO         2971    i.HAL_SYSTICK_IRQHandler  stm32f1xx_hal_cortex.o
    0x08002940   0x00000002   Code   RO         2724    i.HAL_TIMEx_BreakCallback  stm32f1xx_hal_tim_ex.o
    0x08002942   0x00000002   Code   RO         2725    i.HAL_TIMEx_CommutationCallback  stm32f1xx_hal_tim_ex.o
    0x08002944   0x0000005a   Code   RO         2726    i.HAL_TIMEx_ConfigBreakDeadTime  stm32f1xx_hal_tim_ex.o
    0x0800299e   0x00000050   Code   RO         2741    i.HAL_TIMEx_MasterConfigSynchronization  stm32f1xx_hal_tim_ex.o
    0x080029ee   0x00000096   Code   RO         1450    i.HAL_TIM_Encoder_Init  stm32f1xx_hal_tim.o
    0x08002a84   0x00000194   Code   RO          282    i.HAL_TIM_Encoder_MspInit  stm32f1xx_hal_msp.o
    0x08002c18   0x00000032   Code   RO         1453    i.HAL_TIM_Encoder_Start  stm32f1xx_hal_tim.o
    0x08002c4a   0x00000002   Code   RO         1461    i.HAL_TIM_IC_CaptureCallback  stm32f1xx_hal_tim.o
    0x08002c4c   0x00000166   Code   RO         1474    i.HAL_TIM_IRQHandler  stm32f1xx_hal_tim.o
    0x08002db2   0x00000002   Code   RO         1477    i.HAL_TIM_OC_DelayElapsedCallback  stm32f1xx_hal_tim.o
    0x08002db4   0x000000d0   Code   RO         1498    i.HAL_TIM_PWM_ConfigChannel  stm32f1xx_hal_tim.o
    0x08002e84   0x00000036   Code   RO         1501    i.HAL_TIM_PWM_Init  stm32f1xx_hal_tim.o
    0x08002eba   0x00000002   PAD
    0x08002ebc   0x00000054   Code   RO          284    i.HAL_TIM_PWM_MspInit  stm32f1xx_hal_msp.o
    0x08002f10   0x00000002   Code   RO         1504    i.HAL_TIM_PWM_PulseFinishedCallback  stm32f1xx_hal_tim.o
    0x08002f12   0x00000002   PAD
    0x08002f14   0x00000038   Code   RO         1505    i.HAL_TIM_PWM_Start  stm32f1xx_hal_tim.o
    0x08002f4c   0x00000090   Code   RO          975    i.HAL_TIM_PeriodElapsedCallback  encoder.o
    0x08002fdc   0x00000002   Code   RO         1515    i.HAL_TIM_TriggerCallback  stm32f1xx_hal_tim.o
    0x08002fde   0x00000058   Code   RO         2080    i.HAL_UART_DMAStop  stm32f1xx_hal_uart.o
    0x08003036   0x0000004c   Code   RO          631    i.HAL_UART_ErrorCallback  uart.o
    0x08003082   0x00000002   PAD
    0x08003084   0x00000110   Code   RO         2085    i.HAL_UART_IRQHandler  stm32f1xx_hal_uart.o
    0x08003194   0x00000062   Code   RO         2086    i.HAL_UART_Init     stm32f1xx_hal_uart.o
    0x080031f6   0x00000002   PAD
    0x080031f8   0x000001ec   Code   RO          286    i.HAL_UART_MspInit  stm32f1xx_hal_msp.o
    0x080033e4   0x00000098   Code   RO         2090    i.HAL_UART_Receive_DMA  stm32f1xx_hal_uart.o
    0x0800347c   0x00000002   Code   RO          632    i.HAL_UART_RxCpltCallback  uart.o
    0x0800347e   0x00000002   Code   RO         2093    i.HAL_UART_RxHalfCpltCallback  stm32f1xx_hal_uart.o
    0x08003480   0x00000002   Code   RO          633    i.HAL_UART_TxCpltCallback  uart.o
    0x08003482   0x00000002   Code   RO          366    i.HardFault_Handler  stm32f1xx_it.o
    0x08003484   0x0000000c   Code   RO          367    i.I2C1_ER_IRQHandler  stm32f1xx_it.o
    0x08003490   0x0000000c   Code   RO          368    i.I2C1_EV_IRQHandler  stm32f1xx_it.o
    0x0800349c   0x0000004e   Code   RO         3770    i.I2C_DMAAbort      stm32f1xx_hal_i2c.o
    0x080034ea   0x00000002   PAD
    0x080034ec   0x00000124   Code   RO         3773    i.I2C_ITError       stm32f1xx_hal_i2c.o
    0x08003610   0x000000c8   Code   RO         3775    i.I2C_MasterReceive_BTF  stm32f1xx_hal_i2c.o
    0x080036d8   0x000000ae   Code   RO         3776    i.I2C_MasterReceive_RXNE  stm32f1xx_hal_i2c.o
    0x08003786   0x00000080   Code   RO         3779    i.I2C_MasterTransmit_BTF  stm32f1xx_hal_i2c.o
    0x08003806   0x00000106   Code   RO         3780    i.I2C_MasterTransmit_TXE  stm32f1xx_hal_i2c.o
    0x0800390c   0x0000011a   Code   RO         3781    i.I2C_Master_ADDR   stm32f1xx_hal_i2c.o
    0x08003a26   0x0000005a   Code   RO         3782    i.I2C_Master_SB     stm32f1xx_hal_i2c.o
    0x08003a80   0x00000084   Code   RO         3785    i.I2C_Slave_AF      stm32f1xx_hal_i2c.o
    0x08003b04   0x000000dc   Code   RO         3786    i.I2C_Slave_STOPF   stm32f1xx_hal_i2c.o
    0x08003be0   0x00000010   Code   RO         1203    i.IncPID_Init       pid.o
    0x08003bf0   0x00000056   Code   RO         1204    i.Incremental_PID   pid.o
    0x08003c46   0x00000002   PAD
    0x08003c48   0x000000a8   Code   RO          912    i.IndicatorDeviceControl  indicatordevice.o
    0x08003cf0   0x0000014c   Code   RO           13    i.Init              main.o
    0x08003e3c   0x00000094   Code   RO         1305    i.Kinematics_Mecanum_CalculateRPM  kinematics_mecanum.o
    0x08003ed0   0x0000009c   Code   RO         1306    i.Kinematics_Mecanum_GetVelocities  kinematics_mecanum.o
    0x08003f6c   0x0000007c   Code   RO          913    i.LED_Green_Control  indicatordevice.o
    0x08003fe8   0x00000044   Code   RO          914    i.LED_Green_GPIO_Init  indicatordevice.o
    0x0800402c   0x0000007c   Code   RO          915    i.LED_Red_Control   indicatordevice.o
    0x080040a8   0x00000044   Code   RO          916    i.LED_Red_GPIO_Init  indicatordevice.o
    0x080040ec   0x0000000a   Code   RO         5472    i.LPF_Struct_Init   LowPassFilter.lib(lowpassfilter.o)
    0x080040f6   0x0000002a   Code   RO         5473    i.LowPassFilter     LowPassFilter.lib(lowpassfilter.o)
    0x08004120   0x000000b8   Code   RO         1046    i.MPU6050_Init      mpu6050.o
    0x080041d8   0x0000008c   Code   RO         1047    i.MPU6050_Update    mpu6050.o
    0x08004264   0x0000003c   Code   RO         1048    i.MPU6050_UpdateAccel  mpu6050.o
    0x080042a0   0x0000003c   Code   RO         1049    i.MPU6050_UpdateGyro  mpu6050.o
    0x080042dc   0x00000064   Code   RO          827    i.MX_ADC1_Init      adc1.o
    0x08004340   0x00000048   Code   RO          862    i.MX_I2C1_Init      i2c.o
    0x08004388   0x00000074   Code   RO          737    i.MX_TIM2_Init      tim2.o
    0x080043fc   0x00000060   Code   RO          767    i.MX_TIM3_Init      tim3.o
    0x0800445c   0x00000060   Code   RO          707    i.MX_TIM4_Init      tim4.o
    0x080044bc   0x00000060   Code   RO          797    i.MX_TIM5_Init      tim5.o
    0x0800451c   0x000000b0   Code   RO          576    i.MX_TIM8_Init      tim8.o
    0x080045cc   0x00000050   Code   RO          634    i.MX_UART4_Init     uart.o
    0x0800461c   0x00000044   Code   RO          635    i.MX_USART2_Init    uart.o
    0x08004660   0x00000002   Code   RO          369    i.MemManage_Handler  stm32f1xx_it.o
    0x08004662   0x00000002   PAD
    0x08004664   0x00000010   Code   RO         1088    i.Motor1_Forward    motorcontrol.o
    0x08004674   0x00000044   Code   RO         1089    i.Motor1_GPIO_Init  motorcontrol.o
    0x080046b8   0x00000010   Code   RO         1090    i.Motor1_Reverse    motorcontrol.o
    0x080046c8   0x00000010   Code   RO         1091    i.Motor2_Forward    motorcontrol.o
    0x080046d8   0x00000044   Code   RO         1092    i.Motor2_GPIO_Init  motorcontrol.o
    0x0800471c   0x00000010   Code   RO         1093    i.Motor2_Reverse    motorcontrol.o
    0x0800472c   0x00000010   Code   RO         1094    i.Motor3_Forward    motorcontrol.o
    0x0800473c   0x00000044   Code   RO         1095    i.Motor3_GPIO_Init  motorcontrol.o
    0x08004780   0x00000010   Code   RO         1096    i.Motor3_Reverse    motorcontrol.o
    0x08004790   0x00000010   Code   RO         1097    i.Motor4_Forward    motorcontrol.o
    0x080047a0   0x00000044   Code   RO         1098    i.Motor4_GPIO_Init  motorcontrol.o
    0x080047e4   0x00000010   Code   RO         1099    i.Motor4_Reverse    motorcontrol.o
    0x080047f4   0x00000002   Code   RO          370    i.NMI_Handler       stm32f1xx_it.o
    0x080047f6   0x00000020   Code   RO         2972    i.NVIC_SetPriority  stm32f1xx_hal_cortex.o
    0x08004816   0x0000001a   Code   RO         1270    i.ParseData_Init    dataprotocol.o
    0x08004830   0x00000002   Code   RO          371    i.PendSV_Handler    stm32f1xx_it.o
    0x08004832   0x00000002   PAD
    0x08004834   0x000000d0   Code   RO         5158    i.RC_Update         RC.lib(rc.o)
    0x08004904   0x000001a4   Code   RO         5159    i.RC_UpdateStruct   RC.lib(rc.o)
    0x08004aa8   0x00000024   Code   RO         5320    i.RingBuff_Init     RingBuff.lib(ringbuff.o)
    0x08004acc   0x00000056   Code   RO         5323    i.RingBuff_Write    RingBuff.lib(ringbuff.o)
    0x08004b22   0x00000002   Code   RO          372    i.SVC_Handler       stm32f1xx_it.o
    0x08004b24   0x0000000e   Code   RO          373    i.SysTick_Handler   stm32f1xx_it.o
    0x08004b32   0x0000007a   Code   RO           14    i.SystemClock_Config  main.o
    0x08004bac   0x00000048   Code   RO         5121    i.SystemInit        system_stm32f1xx.o
    0x08004bf4   0x0000000c   Code   RO          374    i.TIM2_IRQHandler   stm32f1xx_it.o
    0x08004c00   0x0000000c   Code   RO          375    i.TIM3_IRQHandler   stm32f1xx_it.o
    0x08004c0c   0x0000000c   Code   RO          376    i.TIM4_IRQHandler   stm32f1xx_it.o
    0x08004c18   0x0000000c   Code   RO          377    i.TIM5_IRQHandler   stm32f1xx_it.o
    0x08004c24   0x0000008c   Code   RO         1516    i.TIM_Base_SetConfig  stm32f1xx_hal_tim.o
    0x08004cb0   0x00000016   Code   RO         1517    i.TIM_CCxChannelCmd  stm32f1xx_hal_tim.o
    0x08004cc6   0x00000002   PAD
    0x08004cc8   0x00000060   Code   RO         1525    i.TIM_OC1_SetConfig  stm32f1xx_hal_tim.o
    0x08004d28   0x0000006c   Code   RO         1526    i.TIM_OC2_SetConfig  stm32f1xx_hal_tim.o
    0x08004d94   0x00000068   Code   RO         1527    i.TIM_OC3_SetConfig  stm32f1xx_hal_tim.o
    0x08004dfc   0x00000050   Code   RO         1528    i.TIM_OC4_SetConfig  stm32f1xx_hal_tim.o
    0x08004e4c   0x00000020   Code   RO          378    i.UART4_IRQHandler  stm32f1xx_it.o
    0x08004e6c   0x00000010   Code   RO         2099    i.UART_DMAAbortOnError  stm32f1xx_hal_uart.o
    0x08004e7c   0x0000004a   Code   RO         2100    i.UART_DMAError     stm32f1xx_hal_uart.o
    0x08004ec6   0x0000003c   Code   RO         2101    i.UART_DMAReceiveCplt  stm32f1xx_hal_uart.o
    0x08004f02   0x0000000a   Code   RO         2103    i.UART_DMARxHalfCplt  stm32f1xx_hal_uart.o
    0x08004f0c   0x0000001c   Code   RO         2109    i.UART_EndRxTransfer  stm32f1xx_hal_uart.o
    0x08004f28   0x00000012   Code   RO         2110    i.UART_EndTxTransfer  stm32f1xx_hal_uart.o
    0x08004f3a   0x00000096   Code   RO         2111    i.UART_Receive_IT   stm32f1xx_hal_uart.o
    0x08004fd0   0x00000170   Code   RO         2112    i.UART_SetConfig    stm32f1xx_hal_uart.o
    0x08005140   0x00000062   Code   RO         2113    i.UART_Transmit_IT  stm32f1xx_hal_uart.o
    0x080051a2   0x00000002   PAD
    0x080051a4   0x00000020   Code   RO          379    i.USART2_IRQHandler  stm32f1xx_it.o
    0x080051c4   0x00000054   Code   RO         1016    i.UpdateBatteryInfor  batteryinfor.o
    0x08005218   0x00000002   Code   RO          380    i.UsageFault_Handler  stm32f1xx_it.o
    0x0800521a   0x00000002   PAD
    0x0800521c   0x00000090   Code   RO          636    i.UsartReceive_IDLE  uart.o
    0x080052ac   0x00000354   Code   RO         1178    i.VelocityControl_4WD  velocitycontrol.o
    0x08005600   0x0000000e   Code   RO         5746    i.__scatterload_copy  mc_w.l(handlers.o)
    0x0800560e   0x00000002   Code   RO         5747    i.__scatterload_null  mc_w.l(handlers.o)
    0x08005610   0x0000000e   Code   RO         5748    i.__scatterload_zeroinit  mc_w.l(handlers.o)
    0x0800561e   0x00000002   PAD
    0x08005620   0x000001c0   Code   RO           16    i.main              main.o
    0x080057e0   0x0000006c   Code   RO         5643    i.malloc            mc_w.l(malloc.o)
    0x0800584c   0x00000010   Data   RO         5122    .constdata          system_stm32f1xx.o
    0x0800585c   0x00000008   Data   RO         5123    .constdata          system_stm32f1xx.o
    0x08005864   0x00000020   Data   RO         5744    Region$$Table       anon$$obj.o


    Execution Region RW_IRAM1 (Base: 0x20000000, Size: 0x000031e8, Max: 0x00010000, ABSOLUTE)

    Base Addr    Size         Type   Attr      Idx    E Section Name        Object

    0x20000000   0x00000028   Data   RW           17    .data               main.o
    0x20000028   0x00000002   Data   RW           18    .data               main.o
    0x2000002a   0x00000002   PAD
    0x2000002c   0x00000004   Data   RW           19    .data               main.o
    0x20000030   0x00000004   Data   RW           21    .data               main.o
    0x20000034   0x00000004   Data   RW           22    .data               main.o
    0x20000038   0x00000004   Data   RW           27    .data               main.o
    0x2000003c   0x00000004   Data   RW           28    .data               main.o
    0x20000040   0x00000008   Data   RW          830    .data               adc1.o
    0x20000048   0x00000002   Data   RW          866    .data               i2c.o
    0x2000004a   0x00000022   Data   RW          917    .data               indicatordevice.o
    0x2000006c   0x0000000a   Data   RW          976    .data               encoder.o
    0x20000076   0x00000002   PAD
    0x20000078   0x00000004   Data   RW         1017    .data               batteryinfor.o
    0x2000007c   0x00000010   Data   RW         1179    .data               velocitycontrol.o
    0x2000008c   0x0000000c   Data   RW         3384    .data               stm32f1xx_hal.o
    0x20000098   0x00000004   Data   RW         5124    .data               system_stm32f1xx.o
    0x2000009c   0x0000000e   Data   RW         5160    .data               RC.lib(rc.o)
    0x200000aa   0x00000002   PAD
    0x200000ac   0x00000004   Data   RW         5729    .data               mc_w.l(mvars.o)
    0x200000b0   0x00000004   Data   RW         5730    .data               mc_w.l(mvars.o)
    0x200000b4   0x0000000c   Zero   RW          531    .bss                shareware.o
    0x200000c0   0x0000000c   Zero   RW          532    .bss                shareware.o
    0x200000cc   0x0000000c   Zero   RW          533    .bss                shareware.o
    0x200000d8   0x0000000c   Zero   RW          534    .bss                shareware.o
    0x200000e4   0x0000000c   Zero   RW          535    .bss                shareware.o
    0x200000f0   0x0000000c   Zero   RW          536    .bss                shareware.o
    0x200000fc   0x00000028   Zero   RW          537    .bss                shareware.o
    0x20000124   0x00000018   Zero   RW          538    .bss                shareware.o
    0x2000013c   0x00000018   Zero   RW          539    .bss                shareware.o
    0x20000154   0x00000018   Zero   RW          540    .bss                shareware.o
    0x2000016c   0x00000018   Zero   RW          541    .bss                shareware.o
    0x20000184   0x0000000c   Zero   RW          542    .bss                shareware.o
    0x20000190   0x0000000c   Zero   RW          543    .bss                shareware.o
    0x2000019c   0x0000000c   Zero   RW          544    .bss                shareware.o
    0x200001a8   0x0000000c   Zero   RW          545    .bss                shareware.o
    0x200001b4   0x00000020   Zero   RW          546    .bss                shareware.o
    0x200001d4   0x0000001c   Zero   RW          547    .bss                shareware.o
    0x200001f0   0x0000001c   Zero   RW          548    .bss                shareware.o
    0x2000020c   0x00000018   Zero   RW          549    .bss                shareware.o
    0x20000224   0x0000000c   Zero   RW          550    .bss                shareware.o
    0x20000230   0x00000050   Zero   RW          551    .bss                shareware.o
    0x20000280   0x00000040   Zero   RW          577    .bss                tim8.o
    0x200002c0   0x000001c8   Zero   RW          638    .bss                uart.o
    0x20000488   0x00000044   Zero   RW          639    .bss                uart.o
    0x200004cc   0x00000044   Zero   RW          641    .bss                uart.o
    0x20000510   0x00000040   Zero   RW          708    .bss                tim4.o
    0x20000550   0x00000040   Zero   RW          738    .bss                tim2.o
    0x20000590   0x00000040   Zero   RW          768    .bss                tim3.o
    0x200005d0   0x00000040   Zero   RW          798    .bss                tim5.o
    0x20000610   0x00000030   Zero   RW          828    .bss                adc1.o
    0x20000640   0x00000044   Zero   RW          829    .bss                adc1.o
    0x20000684   0x00000054   Zero   RW          863    .bss                i2c.o
    0x200006d8   0x00002710   Zero   RW            2    HEAP                startup_stm32f103xe.o
    0x20002de8   0x00000400   Zero   RW            1    STACK               startup_stm32f103xe.o


==============================================================================

Image component sizes


      Code (inc. data)   RO Data    RW Data    ZI Data      Debug   Object Name

       100         14          0          8        116        959   adc1.o
       864        210          0          4          0       1567   batteryinfor.o
        26          0          0          0          0        709   dataprotocol.o
       332         58          0         10          0       2693   encoder.o
       150         36          0          2         84       2331   i2c.o
       748         68          0         34          0       5907   indicatordevice.o
       304         24          0          0          0       1537   kinematics_mecanum.o
       240         56          0          0          0        547   loop.o
       902        136          0         62          0     517791   main.o
       400         82          0          0          0       5968   motorcontrol.o
       444         30          0          0          0       2103   mpu6050.o
       102          0          0          0          0       1128   pid.o
         0          0          0          0        460       1837   shareware.o
        36          8        304          0      11024        764   startup_stm32f103xe.o
       164         28          0         12          0       3509   stm32f1xx_hal.o
      1310         70          0          0          0       8014   stm32f1xx_hal_adc.o
       226         14          0          0          0      26186   stm32f1xx_hal_cortex.o
      1222         52          0          0          0       4306   stm32f1xx_hal_dma.o
       510         42          0          0          0       2957   stm32f1xx_hal_gpio.o
      3316         76          0          0          0      17094   stm32f1xx_hal_i2c.o
      1396        138          0          0          0       4853   stm32f1xx_hal_msp.o
      1276        100          0          0          0       5132   stm32f1xx_hal_rcc.o
       232         12          0          0          0       1256   stm32f1xx_hal_rcc_ex.o
      1434         64          0          0          0      10849   stm32f1xx_hal_tim.o
       174          0          0          0          0       2822   stm32f1xx_hal_tim_ex.o
      1434         24          0          0          0       8682   stm32f1xx_hal_uart.o
       214         68          0          0          0       8301   stm32f1xx_it.o
        72         16         24          4          0       1035   system_stm32f1xx.o
       116          8          0          0         64        943   tim2.o
        96          8          0          0         64        671   tim3.o
        96          8          0          0         64        671   tim4.o
        96          8          0          0         64        671   tim5.o
       176          8          0          0         64        763   tim8.o
       372         42          0          0        592       3614   uart.o
       852         72          0         16          0       1334   velocitycontrol.o

    ----------------------------------------------------------------------
     19466       1580        360        156      12596     659504   Object Totals
         0          0         32          0          0          0   (incl. Generated)
        34          0          0          4          0          0   (incl. Padding)

    ----------------------------------------------------------------------

      Code (inc. data)   RO Data    RW Data    ZI Data      Debug   Library Member Name

        52          0          0          0          0       1794   lowpassfilter.o
       628         22          0         14          0       6114   rc.o
       122          0          0          0          0       2237   ringbuff.o
         0          0          0          0          0          0   entry.o
         0          0          0          0          0          0   entry10a.o
         0          0          0          0          0          0   entry11a.o
         8          4          0          0          0          0   entry2.o
         4          0          0          0          0          0   entry5.o
         0          0          0          0          0          0   entry7b.o
         0          0          0          0          0          0   entry8b.o
         8          4          0          0          0          0   entry9a.o
        30          0          0          0          0          0   handlers.o
        36          8          0          0          0         68   init.o
         0          0          0          0          0          0   iusefp.o
        30          0          0          0          0         68   llshl.o
        36          0          0          0          0         68   llsshr.o
        32          0          0          0          0         68   llushr.o
       108         16          0          0          0         84   malloc.o
         0          0          0          8          0          0   mvars.o
        20          0          0          0          0         68   cfcmple.o
        56          0          0          0          0         88   d2f.o
       334          0          0          0          0        148   dadd.o
       222          0          0          0          0        100   ddiv.o
       186          0          0          0          0        176   depilogue.o
        50          0          0          0          0         76   dfixui.o
       228          0          0          0          0         96   dmul.o
        38          0          0          0          0         68   f2d.o
       176          0          0          0          0        140   fadd.o
       124          0          0          0          0         88   fdiv.o
       110          0          0          0          0        168   fepilogue.o
        40          0          0          0          0         68   ffixui.o
        18          0          0          0          0         68   fflti.o
        10          0          0          0          0         68   ffltui.o
       100          0          0          0          0         76   fmul.o
        24          0          0          0          0         68   fscalb.o

    ----------------------------------------------------------------------
      2834         54          0         24          0      12065   Library Totals
         4          0          0          2          0          0   (incl. Padding)

    ----------------------------------------------------------------------

      Code (inc. data)   RO Data    RW Data    ZI Data      Debug   Library Name

        52          0          0          0          0       1794   LowPassFilter.lib
       628         22          0         14          0       6114   RC.lib
       122          0          0          0          0       2237   RingBuff.lib
       292         32          0          8          0        356   mc_w.l
      1736          0          0          0          0       1564   mf_w.l

    ----------------------------------------------------------------------
      2834         54          0         24          0      12065   Library Totals

    ----------------------------------------------------------------------

==============================================================================


      Code (inc. data)   RO Data    RW Data    ZI Data      Debug   

     22300       1634        360        180      12596     661321   Grand Totals
     22300       1634        360        180      12596     661321   ELF Image Totals
     22300       1634        360        180          0          0   ROM Totals

==============================================================================

    Total RO  Size (Code + RO Data)                22660 (  22.13kB)
    Total RW  Size (RW Data + ZI Data)             12776 (  12.48kB)
    Total ROM Size (Code + RO Data + RW Data)      22840 (  22.30kB)

==============================================================================

